<html>
<body>
<pre>
<h1>µVision Build Log</h1>
<h2>Tool Versions:</h2>
IDE-Version: µVision V5.31.0.0
Copyright (C) 2020 ARM Ltd and ARM Germany GmbH. All rights reserved.
License Information: huy hhuys0105@gmail.com, 1, LIC=WHYH9-4KNH9-45UT5-GALRV-28WH5-H9FTY
 
Tool Versions:
Toolchain:       MDK-ARM Plus  Version: 5.31.0.0
Toolchain Path:  C:\Keil_v5\ARM\ARMCC\Bin
C Compiler:      Armcc.exe V5.06 update 6 (build 750)
Assembler:       Armasm.exe V5.06 update 6 (build 750)
Linker/Locator:  ArmLink.exe V5.06 update 6 (build 750)
Library Manager: ArmAr.exe V5.06 update 6 (build 750)
Hex Converter:   FromElf.exe V5.06 update 6 (build 750)
CPU DLL:         SARMCM3.DLL V5.31.0.0
Dialog DLL:      DCM.DLL V1.17.3.0
Target DLL:      STLink\ST-LINKIII-KEIL_SWO.dll V3.0.7.0
Dialog DLL:      TCM.DLL V1.46.0.0
 
<h2>Project:</h2>
C:\Users\hhuys\Documents\GitHub\DoAn_N2A\DONE BACKUP\MDK-ARM\10.5.24 rotate DC motor.uvprojx
Project File Date:  10/05/2024

<h2>Output:</h2>
*** Using Compiler 'V5.06 update 6 (build 750)', folder: 'C:\Keil_v5\ARM\ARMCC\Bin'
Build target '10.5.24 rotate DC motor'
compiling main.c...
../Src/main.c(64): warning:  #188-D: enumerated type mixed with another type
  		HAL_GPIO_WritePin(IN1_GPIO_Port, IN1_Pin, 1);
../Src/main.c(65): warning:  #188-D: enumerated type mixed with another type
  		HAL_GPIO_WritePin(IN2_GPIO_Port, IN2_Pin, 0);
../Src/main.c(66): warning:  #188-D: enumerated type mixed with another type
  		HAL_GPIO_WritePin(ENA_GPIO_Port, ENA_Pin, 1);
../Src/main.c(70): warning:  #188-D: enumerated type mixed with another type
  		HAL_GPIO_WritePin(IN1_GPIO_Port, IN1_Pin, 0);
../Src/main.c(71): warning:  #188-D: enumerated type mixed with another type
  		HAL_GPIO_WritePin(IN2_GPIO_Port, IN2_Pin, 1);
../Src/main.c(72): warning:  #188-D: enumerated type mixed with another type
  		HAL_GPIO_WritePin(ENA_GPIO_Port, ENA_Pin, 1);
../Src/main.c(76): warning:  #188-D: enumerated type mixed with another type
  		HAL_GPIO_WritePin(IN1_GPIO_Port, IN1_Pin, 0);
../Src/main.c(77): warning:  #188-D: enumerated type mixed with another type
  		HAL_GPIO_WritePin(IN2_GPIO_Port, IN2_Pin, 0);
../Src/main.c(78): warning:  #188-D: enumerated type mixed with another type
  		HAL_GPIO_WritePin(ENA_GPIO_Port, ENA_Pin, 0);
../Src/main.c: 9 warnings, 0 errors
linking...
Program Size: Code=7172 RO-data=312 RW-data=36 ZI-data=1860  
FromELF: creating hex file...
"10.5.24 rotate DC motor\10524 rotate DC motor.axf" - 0 Error(s), 9 Warning(s).

<h2>Software Packages used:</h2>

Package Vendor: ARM
                http://www.keil.com/pack/ARM.CMSIS.5.7.0.pack
                ARM.CMSIS.5.7.0
                CMSIS (Cortex Microcontroller Software Interface Standard)
   * Component: CORE Version: 5.4.0

Package Vendor: Keil
                https://www.keil.com/pack/Keil.STM32F1xx_DFP.2.4.1.pack
                Keil.STM32F1xx_DFP.2.4.1
                STMicroelectronics STM32F1 Series Device Support, Drivers and Examples

<h2>Collection of Component include folders:</h2>
  .\RTE\_10.5.24_rotate_DC_motor
  C:\Users\hhuys\AppData\Local\Arm\Packs\ARM\CMSIS\5.7.0\CMSIS\Core\Include
  C:\Users\hhuys\AppData\Local\Arm\Packs\Keil\STM32F1xx_DFP\2.4.1\Device\Include

<h2>Collection of Component Files used:</h2>

   * Component: ARM::CMSIS:CORE:5.4.0
Build Time Elapsed:  00:00:01
</pre>
</body>
</html>
