Component: ARM Compiler 5.06 update 6 (build 750) Tool: armlink [4d35ed]

==============================================================================

Section Cross References

    startup_stm32f103xb.o(STACK) refers (Special) to heapauxi.o(.text) for __use_two_region_memory
    startup_stm32f103xb.o(HEAP) refers (Special) to heapauxi.o(.text) for __use_two_region_memory
    startup_stm32f103xb.o(RESET) refers (Special) to heapauxi.o(.text) for __use_two_region_memory
    startup_stm32f103xb.o(RESET) refers to startup_stm32f103xb.o(STACK) for __initial_sp
    startup_stm32f103xb.o(RESET) refers to startup_stm32f103xb.o(.text) for Reset_Handler
    startup_stm32f103xb.o(RESET) refers to stm32f1xx_it.o(i.NMI_Handler) for NMI_Handler
    startup_stm32f103xb.o(RESET) refers to stm32f1xx_it.o(i.HardFault_Handler) for HardFault_Handler
    startup_stm32f103xb.o(RESET) refers to stm32f1xx_it.o(i.MemManage_Handler) for MemManage_Handler
    startup_stm32f103xb.o(RESET) refers to stm32f1xx_it.o(i.BusFault_Handler) for BusFault_Handler
    startup_stm32f103xb.o(RESET) refers to stm32f1xx_it.o(i.UsageFault_Handler) for UsageFault_Handler
    startup_stm32f103xb.o(RESET) refers to stm32f1xx_it.o(i.SVC_Handler) for SVC_Handler
    startup_stm32f103xb.o(RESET) refers to stm32f1xx_it.o(i.DebugMon_Handler) for DebugMon_Handler
    startup_stm32f103xb.o(RESET) refers to stm32f1xx_it.o(i.PendSV_Handler) for PendSV_Handler
    startup_stm32f103xb.o(RESET) refers to stm32f1xx_it.o(i.SysTick_Handler) for SysTick_Handler
    startup_stm32f103xb.o(RESET) refers to stm32f1xx_it.o(i.EXTI4_IRQHandler) for EXTI4_IRQHandler
    startup_stm32f103xb.o(RESET) refers to stm32f1xx_it.o(i.DMA1_Channel1_IRQHandler) for DMA1_Channel1_IRQHandler
    startup_stm32f103xb.o(RESET) refers to stm32f1xx_it.o(i.EXTI9_5_IRQHandler) for EXTI9_5_IRQHandler
    startup_stm32f103xb.o(RESET) refers to stm32f1xx_it.o(i.TIM2_IRQHandler) for TIM2_IRQHandler
    startup_stm32f103xb.o(RESET) refers to stm32f1xx_it.o(i.USART3_IRQHandler) for USART3_IRQHandler
    startup_stm32f103xb.o(RESET) refers to stm32f1xx_it.o(i.EXTI15_10_IRQHandler) for EXTI15_10_IRQHandler
    startup_stm32f103xb.o(.text) refers (Special) to heapauxi.o(.text) for __use_two_region_memory
    startup_stm32f103xb.o(.text) refers to system_stm32f1xx.o(i.SystemInit) for SystemInit
    startup_stm32f103xb.o(.text) refers to __main.o(!!!main) for __main
    startup_stm32f103xb.o(.text) refers to startup_stm32f103xb.o(HEAP) for Heap_Mem
    startup_stm32f103xb.o(.text) refers to startup_stm32f103xb.o(STACK) for Stack_Mem
    i2c-lcd.o(i.lcd_clear) refers to i2c-lcd.o(i.lcd_send_cmd) for lcd_send_cmd
    i2c-lcd.o(i.lcd_clear) refers to i2c-lcd.o(i.lcd_send_data) for lcd_send_data
    i2c-lcd.o(i.lcd_init) refers to stm32f1xx_hal.o(i.HAL_Delay) for HAL_Delay
    i2c-lcd.o(i.lcd_init) refers to i2c-lcd.o(i.lcd_send_cmd) for lcd_send_cmd
    i2c-lcd.o(i.lcd_put_cur) refers to i2c-lcd.o(i.lcd_send_cmd) for lcd_send_cmd
    i2c-lcd.o(i.lcd_send_cmd) refers to stm32f1xx_hal_i2c.o(i.HAL_I2C_Master_Transmit) for HAL_I2C_Master_Transmit
    i2c-lcd.o(i.lcd_send_cmd) refers to main.o(.bss) for hi2c1
    i2c-lcd.o(i.lcd_send_data) refers to stm32f1xx_hal_i2c.o(i.HAL_I2C_Master_Transmit) for HAL_I2C_Master_Transmit
    i2c-lcd.o(i.lcd_send_data) refers to main.o(.bss) for hi2c1
    i2c-lcd.o(i.lcd_send_number) refers to _printf_percent.o(.ARM.Collect$$_printf_percent$$00000000) for _printf_percent
    i2c-lcd.o(i.lcd_send_number) refers to _printf_d.o(.ARM.Collect$$_printf_percent$$00000009) for _printf_d
    i2c-lcd.o(i.lcd_send_number) refers to _printf_dec.o(.text) for _printf_int_dec
    i2c-lcd.o(i.lcd_send_number) refers to noretval__2sprintf.o(.text) for __2sprintf
    i2c-lcd.o(i.lcd_send_number) refers to i2c-lcd.o(i.lcd_send_string) for lcd_send_string
    i2c-lcd.o(i.lcd_send_string) refers to i2c-lcd.o(i.lcd_send_data) for lcd_send_data
    main.o(i.Back) refers to stm32f1xx_hal_gpio.o(i.HAL_GPIO_WritePin) for HAL_GPIO_WritePin
    main.o(i.Forward) refers to stm32f1xx_hal_gpio.o(i.HAL_GPIO_WritePin) for HAL_GPIO_WritePin
    main.o(i.HAL_GPIO_EXTI_Callback) refers to stm32f1xx_hal_gpio.o(i.HAL_GPIO_ReadPin) for HAL_GPIO_ReadPin
    main.o(i.HAL_GPIO_EXTI_Callback) refers to main.o(.data) for .data
    main.o(i.HAL_TIM_PeriodElapsedCallback) refers to fdiv.o(x$fpl$fdiv) for __aeabi_fdiv
    main.o(i.HAL_TIM_PeriodElapsedCallback) refers to fmul.o(x$fpl$fmul) for __aeabi_fmul
    main.o(i.HAL_TIM_PeriodElapsedCallback) refers to faddsub_clz.o(x$fpl$fsub) for __aeabi_fsub
    main.o(i.HAL_TIM_PeriodElapsedCallback) refers to scalbnf.o(x$fpl$scalbnf) for __ARM_scalbnf
    main.o(i.HAL_TIM_PeriodElapsedCallback) refers to faddsub_clz.o(x$fpl$frsb) for __aeabi_frsub
    main.o(i.HAL_TIM_PeriodElapsedCallback) refers to f2d.o(x$fpl$f2d) for __aeabi_f2d
    main.o(i.HAL_TIM_PeriodElapsedCallback) refers to daddsub_clz.o(x$fpl$dadd) for __aeabi_dadd
[...]
    .ARM.Collect$$libinit$$00000021          0x0800016c   Section        0  libinit2.o(.ARM.Collect$$libinit$$00000021)
    .ARM.Collect$$libinit$$00000023          0x0800016c   Section        0  libinit2.o(.ARM.Collect$$libinit$$00000023)
    .ARM.Collect$$libinit$$00000025          0x0800016c   Section        0  libinit2.o(.ARM.Collect$$libinit$$00000025)
    .ARM.Collect$$libinit$$0000002C          0x0800016c   Section        0  libinit2.o(.ARM.Collect$$libinit$$0000002C)
    .ARM.Collect$$libinit$$0000002E          0x0800016c   Section        0  libinit2.o(.ARM.Collect$$libinit$$0000002E)
    .ARM.Collect$$libinit$$00000030          0x0800016c   Section        0  libinit2.o(.ARM.Collect$$libinit$$00000030)
    .ARM.Collect$$libinit$$00000032          0x0800016c   Section        0  libinit2.o(.ARM.Collect$$libinit$$00000032)
    .ARM.Collect$$libinit$$00000033          0x0800016c   Section        2  libinit2.o(.ARM.Collect$$libinit$$00000033)
    .ARM.Collect$$libshutdown$$00000000      0x0800016e   Section        2  libshutdown.o(.ARM.Collect$$libshutdown$$00000000)
    .ARM.Collect$$libshutdown$$00000002      0x08000170   Section        0  libshutdown2.o(.ARM.Collect$$libshutdown$$00000002)
    .ARM.Collect$$libshutdown$$00000004      0x08000170   Section        0  libshutdown2.o(.ARM.Collect$$libshutdown$$00000004)
    .ARM.Collect$$libshutdown$$00000007      0x08000170   Section        0  libshutdown2.o(.ARM.Collect$$libshutdown$$00000007)
    .ARM.Collect$$libshutdown$$0000000A      0x08000170   Section        0  libshutdown2.o(.ARM.Collect$$libshutdown$$0000000A)
    .ARM.Collect$$libshutdown$$0000000C      0x08000170   Section        0  libshutdown2.o(.ARM.Collect$$libshutdown$$0000000C)
    .ARM.Collect$$libshutdown$$0000000F      0x08000170   Section        0  libshutdown2.o(.ARM.Collect$$libshutdown$$0000000F)
    .ARM.Collect$$libshutdown$$00000010      0x08000170   Section        2  libshutdown2.o(.ARM.Collect$$libshutdown$$00000010)
    .ARM.Collect$$rtentry$$00000000          0x08000172   Section        0  __rtentry.o(.ARM.Collect$$rtentry$$00000000)
    .ARM.Collect$$rtentry$$00000002          0x08000172   Section        0  __rtentry2.o(.ARM.Collect$$rtentry$$00000002)
    .ARM.Collect$$rtentry$$00000004          0x08000172   Section        6  __rtentry4.o(.ARM.Collect$$rtentry$$00000004)
    .ARM.Collect$$rtentry$$00000009          0x08000178   Section        0  __rtentry2.o(.ARM.Collect$$rtentry$$00000009)
    .ARM.Collect$$rtentry$$0000000A          0x08000178   Section        4  __rtentry2.o(.ARM.Collect$$rtentry$$0000000A)
    .ARM.Collect$$rtentry$$0000000C          0x0800017c   Section        0  __rtentry2.o(.ARM.Collect$$rtentry$$0000000C)
    .ARM.Collect$$rtentry$$0000000D          0x0800017c   Section        8  __rtentry2.o(.ARM.Collect$$rtentry$$0000000D)
    .ARM.Collect$$rtexit$$00000000           0x08000184   Section        2  rtexit.o(.ARM.Collect$$rtexit$$00000000)
    .ARM.Collect$$rtexit$$00000002           0x08000186   Section        0  rtexit2.o(.ARM.Collect$$rtexit$$00000002)
    .ARM.Collect$$rtexit$$00000003           0x08000186   Section        4  rtexit2.o(.ARM.Collect$$rtexit$$00000003)
    .ARM.Collect$$rtexit$$00000004           0x0800018a   Section        6  rtexit2.o(.ARM.Collect$$rtexit$$00000004)
    .text                                    0x08000190   Section       64  startup_stm32f103xb.o(.text)
    .text                                    0x080001d0   Section        0  noretval__2sprintf.o(.text)
    .text                                    0x080001f8   Section        0  __printf.o(.text)
    .text                                    0x08000260   Section        0  _printf_dec.o(.text)
    .text                                    0x080002d8   Section        0  strlen.o(.text)
    .text                                    0x08000316   Section       78  rt_memclr_w.o(.text)
    .text                                    0x08000364   Section        0  heapauxi.o(.text)
    .text                                    0x0800036a   Section        0  _printf_intcommon.o(.text)
    .text                                    0x0800041c   Section        0  _printf_char_common.o(.text)
    _printf_input_char                       0x0800041d   Thumb Code    10  _printf_char_common.o(.text)
    .text                                    0x0800044c   Section        0  _sputc.o(.text)
    .text                                    0x08000456   Section       74  sys_stackheap_outer.o(.text)
    .text                                    0x080004a0   Section        0  exit.o(.text)
    .text                                    0x080004b4   Section        8  libspace.o(.text)
    .text                                    0x080004bc   Section        0  sys_exit.o(.text)
    .text                                    0x080004c8   Section        2  use_no_semi.o(.text)
    .text                                    0x080004ca   Section        0  indicate_semi.o(.text)
    i.ADC_ConversionStop_Disable             0x080004cc   Section        0  stm32f1xx_hal_adc.o(i.ADC_ConversionStop_Disable)
    i.BusFault_Handler                       0x08000522   Section        0  stm32f1xx_it.o(i.BusFault_Handler)
    i.DMA1_Channel1_IRQHandler               0x08000524   Section        0  stm32f1xx_it.o(i.DMA1_Channel1_IRQHandler)
    i.DebugMon_Handler                       0x08000530   Section        0  stm32f1xx_it.o(i.DebugMon_Handler)
    i.EXTI15_10_IRQHandler                   0x08000532   Section        0  stm32f1xx_it.o(i.EXTI15_10_IRQHandler)
    i.EXTI4_IRQHandler                       0x0800053a   Section        0  stm32f1xx_it.o(i.EXTI4_IRQHandler)
    i.EXTI9_5_IRQHandler                     0x08000540   Section        0  stm32f1xx_it.o(i.EXTI9_5_IRQHandler)
    i.Error_Handler                          0x08000548   Section        0  main.o(i.Error_Handler)
    i.HAL_ADC_ConfigChannel                  0x0800054c   Section        0  stm32f1xx_hal_adc.o(i.HAL_ADC_ConfigChannel)
    i.HAL_ADC_Init                           0x08000648   Section        0  stm32f1xx_hal_adc.o(i.HAL_ADC_Init)
    i.HAL_ADC_MspInit                        0x08000764   Section        0  stm32f1xx_hal_msp.o(i.HAL_ADC_MspInit)
    i.HAL_DMA_Abort                          0x080007f4   Section        0  stm32f1xx_hal_dma.o(i.HAL_DMA_Abort)
    i.HAL_DMA_Abort_IT                       0x0800083c   Section        0  stm32f1xx_hal_dma.o(i.HAL_DMA_Abort_IT)
    i.HAL_DMA_IRQHandler                     0x080008d4   Section        0  stm32f1xx_hal_dma.o(i.HAL_DMA_IRQHandler)
    i.HAL_DMA_Init                           0x08000a28   Section        0  stm32f1xx_hal_dma.o(i.HAL_DMA_Init)
    i.HAL_Delay                              0x08000a84   Section        0  stm32f1xx_hal.o(i.HAL_Delay)
    i.HAL_GPIO_EXTI_Callback                 0x08000aa8   Section        0  main.o(i.HAL_GPIO_EXTI_Callback)
    i.HAL_GPIO_EXTI_IRQHandler               0x08000b08   Section        0  stm32f1xx_hal_gpio.o(i.HAL_GPIO_EXTI_IRQHandler)
    i.HAL_GPIO_Init                          0x08000b20   Section        0  stm32f1xx_hal_gpio.o(i.HAL_GPIO_Init)
    i.HAL_GPIO_ReadPin                       0x08000d00   Section        0  stm32f1xx_hal_gpio.o(i.HAL_GPIO_ReadPin)
    i.HAL_GPIO_TogglePin                     0x08000d0a   Section        0  stm32f1xx_hal_gpio.o(i.HAL_GPIO_TogglePin)
    i.HAL_GPIO_WritePin                      0x08000d1a   Section        0  stm32f1xx_hal_gpio.o(i.HAL_GPIO_WritePin)
    i.HAL_GetTick                            0x08000d24   Section        0  stm32f1xx_hal.o(i.HAL_GetTick)
    i.HAL_I2C_Init                           0x08000d30   Section        0  stm32f1xx_hal_i2c.o(i.HAL_I2C_Init)
    i.HAL_I2C_Master_Transmit                0x08000eb8   Section        0  stm32f1xx_hal_i2c.o(i.HAL_I2C_Master_Transmit)
    i.HAL_I2C_MspInit                        0x08000fe4   Section        0  stm32f1xx_hal_msp.o(i.HAL_I2C_MspInit)
    i.HAL_IncTick                            0x08001040   Section        0  stm32f1xx_hal.o(i.HAL_IncTick)
    i.HAL_Init                               0x08001050   Section        0  stm32f1xx_hal.o(i.HAL_Init)
    i.HAL_InitTick                           0x08001074   Section        0  stm32f1xx_hal.o(i.HAL_InitTick)
    i.HAL_MspInit                            0x080010b4   Section        0  stm32f1xx_hal_msp.o(i.HAL_MspInit)
    i.HAL_NVIC_EnableIRQ                     0x080010f0   Section        0  stm32f1xx_hal_cortex.o(i.HAL_NVIC_EnableIRQ)
    i.HAL_NVIC_SetPriority                   0x0800110c   Section        0  stm32f1xx_hal_cortex.o(i.HAL_NVIC_SetPriority)
    i.HAL_NVIC_SetPriorityGrouping           0x0800114c   Section        0  stm32f1xx_hal_cortex.o(i.HAL_NVIC_SetPriorityGrouping)
    i.HAL_RCCEx_PeriphCLKConfig              0x08001170   Section        0  stm32f1xx_hal_rcc_ex.o(i.HAL_RCCEx_PeriphCLKConfig)
    i.HAL_RCC_ClockConfig                    0x0800125c   Section        0  stm32f1xx_hal_rcc.o(i.HAL_RCC_ClockConfig)
    i.HAL_RCC_GetPCLK1Freq                   0x08001388   Section        0  stm32f1xx_hal_rcc.o(i.HAL_RCC_GetPCLK1Freq)
    i.HAL_RCC_GetPCLK2Freq                   0x080013a8   Section        0  stm32f1xx_hal_rcc.o(i.HAL_RCC_GetPCLK2Freq)
    i.HAL_RCC_GetSysClockFreq                0x080013c8   Section        0  stm32f1xx_hal_rcc.o(i.HAL_RCC_GetSysClockFreq)
    i.HAL_RCC_OscConfig                      0x08001414   Section        0  stm32f1xx_hal_rcc.o(i.HAL_RCC_OscConfig)
    i.HAL_SYSTICK_Config                     0x08001734   Section        0  stm32f1xx_hal_cortex.o(i.HAL_SYSTICK_Config)
    i.HAL_TIMEx_BreakCallback                0x0800175c   Section        0  stm32f1xx_hal_tim_ex.o(i.HAL_TIMEx_BreakCallback)
    i.HAL_TIMEx_CommutCallback               0x0800175e   Section        0  stm32f1xx_hal_tim_ex.o(i.HAL_TIMEx_CommutCallback)
    i.HAL_TIMEx_MasterConfigSynchronization  0x08001760   Section        0  stm32f1xx_hal_tim_ex.o(i.HAL_TIMEx_MasterConfigSynchronization)
    i.HAL_TIM_Base_Init                      0x080017c8   Section        0  stm32f1xx_hal_tim.o(i.HAL_TIM_Base_Init)
    i.HAL_TIM_Base_MspInit                   0x08001824   Section        0  stm32f1xx_hal_msp.o(i.HAL_TIM_Base_MspInit)
    i.HAL_TIM_Base_Start_IT                  0x0800185c   Section        0  stm32f1xx_hal_tim.o(i.HAL_TIM_Base_Start_IT)
    i.HAL_TIM_ConfigClockSource              0x080018b4   Section        0  stm32f1xx_hal_tim.o(i.HAL_TIM_ConfigClockSource)
    i.HAL_TIM_IC_CaptureCallback             0x08001990   Section        0  stm32f1xx_hal_tim.o(i.HAL_TIM_IC_CaptureCallback)
    i.HAL_TIM_IRQHandler                     0x08001992   Section        0  stm32f1xx_hal_tim.o(i.HAL_TIM_IRQHandler)
    i.HAL_TIM_MspPostInit                    0x08001ac4   Section        0  stm32f1xx_hal_msp.o(i.HAL_TIM_MspPostInit)
    i.HAL_TIM_OC_DelayElapsedCallback        0x08001b10   Section        0  stm32f1xx_hal_tim.o(i.HAL_TIM_OC_DelayElapsedCallback)
    i.HAL_TIM_PWM_ConfigChannel              0x08001b12   Section        0  stm32f1xx_hal_tim.o(i.HAL_TIM_PWM_ConfigChannel)
    i.HAL_TIM_PWM_Init                       0x08001bde   Section        0  stm32f1xx_hal_tim.o(i.HAL_TIM_PWM_Init)
    i.HAL_TIM_PWM_MspInit                    0x08001c38   Section        0  stm32f1xx_hal_msp.o(i.HAL_TIM_PWM_MspInit)
    i.HAL_TIM_PWM_PulseFinishedCallback      0x08001c60   Section        0  stm32f1xx_hal_tim.o(i.HAL_TIM_PWM_PulseFinishedCallback)
    i.HAL_TIM_PWM_Start                      0x08001c64   Section        0  stm32f1xx_hal_tim.o(i.HAL_TIM_PWM_Start)
    i.HAL_TIM_PeriodElapsedCallback          0x08001d00   Section        0  main.o(i.HAL_TIM_PeriodElapsedCallback)
    i.HAL_TIM_TriggerCallback                0x08001fb4   Section        0  stm32f1xx_hal_tim.o(i.HAL_TIM_TriggerCallback)
    i.HAL_UARTEx_RxEventCallback             0x08001fb6   Section        0  stm32f1xx_hal_uart.o(i.HAL_UARTEx_RxEventCallback)
    i.HAL_UART_ErrorCallback                 0x08001fb8   Section        0  stm32f1xx_hal_uart.o(i.HAL_UART_ErrorCallback)
    i.HAL_UART_IRQHandler                    0x08001fbc   Section        0  stm32f1xx_hal_uart.o(i.HAL_UART_IRQHandler)
    i.HAL_UART_Init                          0x08002228   Section        0  stm32f1xx_hal_uart.o(i.HAL_UART_Init)
    i.HAL_UART_MspInit                       0x0800228c   Section        0  stm32f1xx_hal_msp.o(i.HAL_UART_MspInit)
    i.HAL_UART_RxCpltCallback                0x0800230c   Section        0  stm32f1xx_hal_uart.o(i.HAL_UART_RxCpltCallback)
    i.HAL_UART_Transmit                      0x0800230e   Section        0  stm32f1xx_hal_uart.o(i.HAL_UART_Transmit)
    i.HAL_UART_TxCpltCallback                0x080023ae   Section        0  stm32f1xx_hal_uart.o(i.HAL_UART_TxCpltCallback)
    i.HardFault_Handler                      0x080023b0   Section        0  stm32f1xx_it.o(i.HardFault_Handler)
    i.I2C_IsAcknowledgeFailed                0x080023b2   Section        0  stm32f1xx_hal_i2c.o(i.I2C_IsAcknowledgeFailed)
    I2C_IsAcknowledgeFailed                  0x080023b3   Thumb Code    46  stm32f1xx_hal_i2c.o(i.I2C_IsAcknowledgeFailed)
    i.I2C_MasterRequestWrite                 0x080023e0   Section        0  stm32f1xx_hal_i2c.o(i.I2C_MasterRequestWrite)
    I2C_MasterRequestWrite                   0x080023e1   Thumb Code   150  stm32f1xx_hal_i2c.o(i.I2C_MasterRequestWrite)
    i.I2C_WaitOnBTFFlagUntilTimeout          0x0800247c   Section        0  stm32f1xx_hal_i2c.o(i.I2C_WaitOnBTFFlagUntilTimeout)
    I2C_WaitOnBTFFlagUntilTimeout            0x0800247d   Thumb Code    86  stm32f1xx_hal_i2c.o(i.I2C_WaitOnBTFFlagUntilTimeout)
    i.I2C_WaitOnFlagUntilTimeout             0x080024d4   Section        0  stm32f1xx_hal_i2c.o(i.I2C_WaitOnFlagUntilTimeout)
    I2C_WaitOnFlagUntilTimeout               0x080024d5   Thumb Code   144  stm32f1xx_hal_i2c.o(i.I2C_WaitOnFlagUntilTimeout)
    i.I2C_WaitOnMasterAddressFlagUntilTimeout 0x08002564   Section        0  stm32f1xx_hal_i2c.o(i.I2C_WaitOnMasterAddressFlagUntilTimeout)
    I2C_WaitOnMasterAddressFlagUntilTimeout  0x08002565   Thumb Code   188  stm32f1xx_hal_i2c.o(i.I2C_WaitOnMasterAddressFlagUntilTimeout)
    i.I2C_WaitOnTXEFlagUntilTimeout          0x08002620   Section        0  stm32f1xx_hal_i2c.o(i.I2C_WaitOnTXEFlagUntilTimeout)
    I2C_WaitOnTXEFlagUntilTimeout            0x08002621   Thumb Code    86  stm32f1xx_hal_i2c.o(i.I2C_WaitOnTXEFlagUntilTimeout)
    i.MX_ADC1_Init                           0x08002678   Section        0  main.o(i.MX_ADC1_Init)
    MX_ADC1_Init                             0x08002679   Thumb Code    70  main.o(i.MX_ADC1_Init)
    i.MX_GPIO_Init                           0x080026c8   Section        0  main.o(i.MX_GPIO_Init)
    MX_GPIO_Init                             0x080026c9   Thumb Code   270  main.o(i.MX_GPIO_Init)
    i.MX_TIM2_Init                           0x080027ec   Section        0  main.o(i.MX_TIM2_Init)
    MX_TIM2_Init                             0x080027ed   Thumb Code    96  main.o(i.MX_TIM2_Init)
    i.MX_TIM4_Init                           0x08002850   Section        0  main.o(i.MX_TIM4_Init)
    MX_TIM4_Init                             0x08002851   Thumb Code   120  main.o(i.MX_TIM4_Init)
    i.MemManage_Handler                      0x080028d0   Section        0  stm32f1xx_it.o(i.MemManage_Handler)
    i.NMI_Handler                            0x080028d2   Section        0  stm32f1xx_it.o(i.NMI_Handler)
    i.PWMMOTOR                               0x080028d4   Section        0  main.o(i.PWMMOTOR)
    i.PendSV_Handler                         0x080029b0   Section        0  stm32f1xx_it.o(i.PendSV_Handler)
    i.SVC_Handler                            0x080029b2   Section        0  stm32f1xx_it.o(i.SVC_Handler)
    i.SysTick_Handler                        0x080029b4   Section        0  stm32f1xx_it.o(i.SysTick_Handler)
    i.SystemClock_Config                     0x080029b8   Section        0  main.o(i.SystemClock_Config)
    i.SystemInit                             0x08002a30   Section        0  system_stm32f1xx.o(i.SystemInit)
    i.TIM2_IRQHandler                        0x08002a34   Section        0  stm32f1xx_it.o(i.TIM2_IRQHandler)
    i.TIM_Base_SetConfig                     0x08002a40   Section        0  stm32f1xx_hal_tim.o(i.TIM_Base_SetConfig)
    i.TIM_CCxChannelCmd                      0x08002ab8   Section        0  stm32f1xx_hal_tim.o(i.TIM_CCxChannelCmd)
    i.TIM_ETR_SetConfig                      0x08002ad2   Section        0  stm32f1xx_hal_tim.o(i.TIM_ETR_SetConfig)
    i.TIM_ITRx_SetConfig                     0x08002ae6   Section        0  stm32f1xx_hal_tim.o(i.TIM_ITRx_SetConfig)
    TIM_ITRx_SetConfig                       0x08002ae7   Thumb Code    16  stm32f1xx_hal_tim.o(i.TIM_ITRx_SetConfig)
    i.TIM_OC1_SetConfig                      0x08002af8   Section        0  stm32f1xx_hal_tim.o(i.TIM_OC1_SetConfig)
    TIM_OC1_SetConfig                        0x08002af9   Thumb Code    74  stm32f1xx_hal_tim.o(i.TIM_OC1_SetConfig)
    i.TIM_OC2_SetConfig                      0x08002b48   Section        0  stm32f1xx_hal_tim.o(i.TIM_OC2_SetConfig)
    i.TIM_OC3_SetConfig                      0x08002ba0   Section        0  stm32f1xx_hal_tim.o(i.TIM_OC3_SetConfig)
    TIM_OC3_SetConfig                        0x08002ba1   Thumb Code    82  stm32f1xx_hal_tim.o(i.TIM_OC3_SetConfig)
    i.TIM_OC4_SetConfig                      0x08002bf8   Section        0  stm32f1xx_hal_tim.o(i.TIM_OC4_SetConfig)
    TIM_OC4_SetConfig                        0x08002bf9   Thumb Code    64  stm32f1xx_hal_tim.o(i.TIM_OC4_SetConfig)
    i.TIM_TI1_ConfigInputStage               0x08002c3c   Section        0  stm32f1xx_hal_tim.o(i.TIM_TI1_ConfigInputStage)
    TIM_TI1_ConfigInputStage                 0x08002c3d   Thumb Code    34  stm32f1xx_hal_tim.o(i.TIM_TI1_ConfigInputStage)
    i.TIM_TI2_ConfigInputStage               0x08002c5e   Section        0  stm32f1xx_hal_tim.o(i.TIM_TI2_ConfigInputStage)
    TIM_TI2_ConfigInputStage                 0x08002c5f   Thumb Code    36  stm32f1xx_hal_tim.o(i.TIM_TI2_ConfigInputStage)
    i.UART_DMAAbortOnError                   0x08002c82   Section        0  stm32f1xx_hal_uart.o(i.UART_DMAAbortOnError)
    UART_DMAAbortOnError                     0x08002c83   Thumb Code    16  stm32f1xx_hal_uart.o(i.UART_DMAAbortOnError)
    i.UART_EndRxTransfer                     0x08002c92   Section        0  stm32f1xx_hal_uart.o(i.UART_EndRxTransfer)
    UART_EndRxTransfer                       0x08002c93   Thumb Code    78  stm32f1xx_hal_uart.o(i.UART_EndRxTransfer)
    i.UART_Receive_IT                        0x08002ce0   Section        0  stm32f1xx_hal_uart.o(i.UART_Receive_IT)
    UART_Receive_IT                          0x08002ce1   Thumb Code   194  stm32f1xx_hal_uart.o(i.UART_Receive_IT)
    i.UART_SetConfig                         0x08002da4   Section        0  stm32f1xx_hal_uart.o(i.UART_SetConfig)
    UART_SetConfig                           0x08002da5   Thumb Code   178  stm32f1xx_hal_uart.o(i.UART_SetConfig)
    i.UART_WaitOnFlagUntilTimeout            0x08002e5c   Section        0  stm32f1xx_hal_uart.o(i.UART_WaitOnFlagUntilTimeout)
    UART_WaitOnFlagUntilTimeout              0x08002e5d   Thumb Code   114  stm32f1xx_hal_uart.o(i.UART_WaitOnFlagUntilTimeout)
    i.USART3_IRQHandler                      0x08002ed0   Section        0  stm32f1xx_it.o(i.USART3_IRQHandler)
    i.UsageFault_Handler                     0x08002edc   Section        0  stm32f1xx_it.o(i.UsageFault_Handler)
    i.__NVIC_SetPriority                     0x08002ede   Section        0  stm32f1xx_hal_cortex.o(i.__NVIC_SetPriority)
    __NVIC_SetPriority                       0x08002edf   Thumb Code    32  stm32f1xx_hal_cortex.o(i.__NVIC_SetPriority)
    i.cal                                    0x08002f00   Section        0  main.o(i.cal)
    i.lcd                                    0x08002f80   Section        0  main.o(i.lcd)
    i.lcd_clear                              0x08003004   Section        0  i2c-lcd.o(i.lcd_clear)
    i.lcd_init                               0x0800301c   Section        0  i2c-lcd.o(i.lcd_init)
    i.lcd_put_cur                            0x08003094   Section        0  i2c-lcd.o(i.lcd_put_cur)
    i.lcd_send_cmd                           0x080030ac   Section        0  i2c-lcd.o(i.lcd_send_cmd)
    i.lcd_send_data                          0x080030ec   Section        0  i2c-lcd.o(i.lcd_send_data)
    i.lcd_send_number                        0x0800312c   Section        0  i2c-lcd.o(i.lcd_send_number)
    i.lcd_send_string                        0x08003144   Section        0  i2c-lcd.o(i.lcd_send_string)
    i.main                                   0x08003158   Section        0  main.o(i.main)
    x$fpl$d2f                                0x0800330c   Section       98  d2f.o(x$fpl$d2f)
    x$fpl$dadd                               0x08003370   Section      336  daddsub_clz.o(x$fpl$dadd)
    _dadd1                                   0x08003381   Thumb Code     0  daddsub_clz.o(x$fpl$dadd)
    x$fpl$dcheck1                            0x080034c0   Section       16  dcheck1.o(x$fpl$dcheck1)
    x$fpl$ddiv                               0x080034d0   Section      688  ddiv.o(x$fpl$ddiv)
    ddiv_entry                               0x080034d7   Thumb Code     0  ddiv.o(x$fpl$ddiv)
    x$fpl$dmul                               0x08003780   Section      340  dmul.o(x$fpl$dmul)
    x$fpl$dnaninf                            0x080038d4   Section      156  dnaninf.o(x$fpl$dnaninf)
    x$fpl$dretinf                            0x08003970   Section       12  dretinf.o(x$fpl$dretinf)
    x$fpl$dsub                               0x0800397c   Section      468  daddsub_clz.o(x$fpl$dsub)
    _dsub1                                   0x0800398d   Thumb Code     0  daddsub_clz.o(x$fpl$dsub)
    x$fpl$f2d                                0x08003b50   Section       86  f2d.o(x$fpl$f2d)
    x$fpl$fadd                               0x08003ba8   Section      196  faddsub_clz.o(x$fpl$fadd)
    _fadd1                                   0x08003bb7   Thumb Code     0  faddsub_clz.o(x$fpl$fadd)
    x$fpl$fcheck1                            0x08003c6c   Section       12  fcheck1.o(x$fpl$fcheck1)
    x$fpl$fcmpinf                            0x08003c78   Section       24  fcmpi.o(x$fpl$fcmpinf)
    x$fpl$fdiv                               0x08003c90   Section      388  fdiv.o(x$fpl$fdiv)
    _fdiv1                                   0x08003c91   Thumb Code     0  fdiv.o(x$fpl$fdiv)
    x$fpl$ffix                               0x08003e14   Section       54  ffix.o(x$fpl$ffix)
    x$fpl$fflt                               0x08003e4c   Section       48  fflt_clz.o(x$fpl$fflt)
    x$fpl$fleqf                              0x08003e7c   Section      104  fleqf.o(x$fpl$fleqf)
    x$fpl$fmul                               0x08003ee4   Section      258  fmul.o(x$fpl$fmul)
    x$fpl$fnaninf                            0x08003fe6   Section      140  fnaninf.o(x$fpl$fnaninf)
    x$fpl$fretinf                            0x08004072   Section       10  fretinf.o(x$fpl$fretinf)
    x$fpl$frleqf                             0x0800407c   Section       98  frleqf.o(x$fpl$frleqf)
    x$fpl$frsb                               0x080040de   Section       20  faddsub_clz.o(x$fpl$frsb)
    x$fpl$fsub                               0x080040f4   Section      234  faddsub_clz.o(x$fpl$fsub)
    _fsub1                                   0x08004103   Thumb Code     0  faddsub_clz.o(x$fpl$fsub)
    x$fpl$retnan                             0x080041de   Section      100  retnan.o(x$fpl$retnan)
    x$fpl$scalbn                             0x08004242   Section       92  scalbn.o(x$fpl$scalbn)
    x$fpl$scalbnf                            0x0800429e   Section       76  scalbnf.o(x$fpl$scalbnf)
    x$fpl$trapveneer                         0x080042ea   Section       48  trapv.o(x$fpl$trapveneer)
    x$fpl$usenofp                            0x0800431a   Section        0  usenofp.o(x$fpl$usenofp)
    .constdata                               0x0800431c   Section       10  main.o(.constdata)
    .constdata                               0x08004326   Section       18  stm32f1xx_hal_rcc.o(.constdata)
    aPredivFactorTable                       0x08004326   Data           2  stm32f1xx_hal_rcc.o(.constdata)
    aPLLMULFactorTable                       0x08004328   Data          16  stm32f1xx_hal_rcc.o(.constdata)
    .constdata                               0x08004338   Section       16  system_stm32f1xx.o(.constdata)
    .constdata                               0x08004348   Section        8  system_stm32f1xx.o(.constdata)
    .data                                    0x20000000   Section      128  main.o(.data)
    .data                                    0x20000080   Section       12  stm32f1xx_hal.o(.data)
    .data                                    0x2000008c   Section        4  system_stm32f1xx.o(.data)
    .bss                                     0x20000090   Section     3148  main.o(.bss)
    .bss                                     0x20000cdc   Section       68  main.o(.bss)
    .bss                                     0x20000d20   Section       96  libspace.o(.bss)
    HEAP                                     0x20000d80   Section      512  startup_stm32f103xb.o(HEAP)
    Heap_Mem                                 0x20000d80   Data         512  startup_stm32f103xb.o(HEAP)
    STACK                                    0x20000f80   Section     1024  startup_stm32f103xb.o(STACK)
    Stack_Mem                                0x20000f80   Data        1024  startup_stm32f103xb.o(STACK)
    __initial_sp                             0x20001380   Data           0  startup_stm32f103xb.o(STACK)

    Global Symbols

    Symbol Name                              Value     Ov Type        Size  Object(Section)

    BuildAttributes$$THM_ISAv4$P$D$K$B$S$PE$A:L22UL41UL21$X:L11$S22US41US21$IEEE1$IW$USESV6$~STKCKD$USESV7$~SHL$OSPACE$ROPI$EBA8$UX$STANDARDLIB$REQ8$PRES8$EABIv2 0x00000000   Number         0  anon$$obj.o ABSOLUTE
    __ARM_use_no_argv                        0x00000000   Number         0  main.o ABSOLUTE
    __ARM_exceptions_init                     - Undefined Weak Reference
    __alloca_initialize                       - Undefined Weak Reference
    __arm_preinit_                            - Undefined Weak Reference
    __cpp_initialize__aeabi_                  - Undefined Weak Reference
    __cxa_finalize                            - Undefined Weak Reference
    __rt_locale                               - Undefined Weak Reference
    __sigvec_lookup                           - Undefined Weak Reference
    _atexit_init                              - Undefined Weak Reference
    _call_atexit_fns                          - Undefined Weak Reference
    _clock_init                               - Undefined Weak Reference
    _fp_trap_init                             - Undefined Weak Reference
    _fp_trap_shutdown                         - Undefined Weak Reference
    _get_lc_collate                           - Undefined Weak Reference
    _get_lc_ctype                             - Undefined Weak Reference
    _get_lc_monetary                          - Undefined Weak Reference
    _get_lc_numeric                           - Undefined Weak Reference
    _get_lc_time                              - Undefined Weak Reference
    _getenv_init                              - Undefined Weak Reference
    _handle_redirection                       - Undefined Weak Reference
    _init_alloc                               - Undefined Weak Reference
    _init_user_alloc                          - Undefined Weak Reference
    _initio                                   - Undefined Weak Reference
    _printf_post_padding                      - Undefined Weak Reference
    _printf_pre_padding                       - Undefined Weak Reference
    _printf_truncate_signed                   - Undefined Weak Reference
    _printf_truncate_unsigned                 - Undefined Weak Reference
    _rand_init                                - Undefined Weak Reference
    _signal_finish                            - Undefined Weak Reference
    _signal_init                              - Undefined Weak Reference
    _terminate_alloc                          - Undefined Weak Reference
    _terminate_user_alloc                     - Undefined Weak Reference
    _terminateio                              - Undefined Weak Reference
    __Vectors_Size                           0x000000ec   Number         0  startup_stm32f103xb.o ABSOLUTE
    __Vectors                                0x08000000   Data           4  startup_stm32f103xb.o(RESET)
    __Vectors_End                            0x080000ec   Data           0  startup_stm32f103xb.o(RESET)
    __main                                   0x080000ed   Thumb Code     8  __main.o(!!!main)
    __scatterload                            0x080000f5   Thumb Code     0  __scatter.o(!!!scatter)
    __scatterload_rt2                        0x080000f5   Thumb Code    44  __scatter.o(!!!scatter)
    __scatterload_rt2_thumb_only             0x080000f5   Thumb Code     0  __scatter.o(!!!scatter)
    __scatterload_null                       0x08000103   Thumb Code     0  __scatter.o(!!!scatter)
    __scatterload_copy                       0x08000129   Thumb Code    26  __scatter_copy.o(!!handler_copy)
    __scatterload_zeroinit                   0x08000145   Thumb Code    28  __scatter_zi.o(!!handler_zi)
    _printf_d                                0x08000161   Thumb Code     0  _printf_d.o(.ARM.Collect$$_printf_percent$$00000009)
    _printf_percent                          0x08000161   Thumb Code     0  _printf_percent.o(.ARM.Collect$$_printf_percent$$00000000)
    _printf_percent_end                      0x08000167   Thumb Code     0  _printf_percent_end.o(.ARM.Collect$$_printf_percent$$00000017)
    __rt_lib_init                            0x0800016b   Thumb Code     0  libinit.o(.ARM.Collect$$libinit$$00000000)
    __rt_lib_init_alloca_1                   0x0800016d   Thumb Code     0  libinit2.o(.ARM.Collect$$libinit$$0000002E)
    __rt_lib_init_argv_1                     0x0800016d   Thumb Code     0  libinit2.o(.ARM.Collect$$libinit$$0000002C)
    __rt_lib_init_atexit_1                   0x0800016d   Thumb Code     0  libinit2.o(.ARM.Collect$$libinit$$0000001B)
    __rt_lib_init_clock_1                    0x0800016d   Thumb Code     0  libinit2.o(.ARM.Collect$$libinit$$00000021)
    __rt_lib_init_cpp_1                      0x0800016d   Thumb Code     0  libinit2.o(.ARM.Collect$$libinit$$00000032)
    __rt_lib_init_exceptions_1               0x0800016d   Thumb Code     0  libinit2.o(.ARM.Collect$$libinit$$00000030)
    __rt_lib_init_fp_1                       0x0800016d   Thumb Code     0  libinit2.o(.ARM.Collect$$libinit$$00000002)
    __rt_lib_init_fp_trap_1                  0x0800016d   Thumb Code     0  libinit2.o(.ARM.Collect$$libinit$$0000001F)
    __rt_lib_init_getenv_1                   0x0800016d   Thumb Code     0  libinit2.o(.ARM.Collect$$libinit$$00000023)
    __rt_lib_init_heap_1                     0x0800016d   Thumb Code     0  libinit2.o(.ARM.Collect$$libinit$$0000000A)
    __rt_lib_init_lc_collate_1               0x0800016d   Thumb Code     0  libinit2.o(.ARM.Collect$$libinit$$00000011)
    __rt_lib_init_lc_ctype_1                 0x0800016d   Thumb Code     0  libinit2.o(.ARM.Collect$$libinit$$00000013)
    __rt_lib_init_lc_monetary_1              0x0800016d   Thumb Code     0  libinit2.o(.ARM.Collect$$libinit$$00000015)
    __rt_lib_init_lc_numeric_1               0x0800016d   Thumb Code     0  libinit2.o(.ARM.Collect$$libinit$$00000017)
    __rt_lib_init_lc_time_1                  0x0800016d   Thumb Code     0  libinit2.o(.ARM.Collect$$libinit$$00000019)
    __rt_lib_init_preinit_1                  0x0800016d   Thumb Code     0  libinit2.o(.ARM.Collect$$libinit$$00000004)
    __rt_lib_init_rand_1                     0x0800016d   Thumb Code     0  libinit2.o(.ARM.Collect$$libinit$$0000000E)
    __rt_lib_init_return                     0x0800016d   Thumb Code     0  libinit2.o(.ARM.Collect$$libinit$$00000033)
    __rt_lib_init_signal_1                   0x0800016d   Thumb Code     0  libinit2.o(.ARM.Collect$$libinit$$0000001D)
    __rt_lib_init_stdio_1                    0x0800016d   Thumb Code     0  libinit2.o(.ARM.Collect$$libinit$$00000025)
    __rt_lib_init_user_alloc_1               0x0800016d   Thumb Code     0  libinit2.o(.ARM.Collect$$libinit$$0000000C)
    __rt_lib_shutdown                        0x0800016f   Thumb Code     0  libshutdown.o(.ARM.Collect$$libshutdown$$00000000)
    __rt_lib_shutdown_cpp_1                  0x08000171   Thumb Code     0  libshutdown2.o(.ARM.Collect$$libshutdown$$00000002)
    __rt_lib_shutdown_fp_trap_1              0x08000171   Thumb Code     0  libshutdown2.o(.ARM.Collect$$libshutdown$$00000007)
    __rt_lib_shutdown_heap_1                 0x08000171   Thumb Code     0  libshutdown2.o(.ARM.Collect$$libshutdown$$0000000F)
    __rt_lib_shutdown_return                 0x08000171   Thumb Code     0  libshutdown2.o(.ARM.Collect$$libshutdown$$00000010)
    __rt_lib_shutdown_signal_1               0x08000171   Thumb Code     0  libshutdown2.o(.ARM.Collect$$libshutdown$$0000000A)
    __rt_lib_shutdown_stdio_1                0x08000171   Thumb Code     0  libshutdown2.o(.ARM.Collect$$libshutdown$$00000004)
    __rt_lib_shutdown_user_alloc_1           0x08000171   Thumb Code     0  libshutdown2.o(.ARM.Collect$$libshutdown$$0000000C)
    __rt_entry                               0x08000173   Thumb Code     0  __rtentry.o(.ARM.Collect$$rtentry$$00000000)
    __rt_entry_presh_1                       0x08000173   Thumb Code     0  __rtentry2.o(.ARM.Collect$$rtentry$$00000002)
    __rt_entry_sh                            0x08000173   Thumb Code     0  __rtentry4.o(.ARM.Collect$$rtentry$$00000004)
    __rt_entry_li                            0x08000179   Thumb Code     0  __rtentry2.o(.ARM.Collect$$rtentry$$0000000A)
    __rt_entry_postsh_1                      0x08000179   Thumb Code     0  __rtentry2.o(.ARM.Collect$$rtentry$$00000009)
    __rt_entry_main                          0x0800017d   Thumb Code     0  __rtentry2.o(.ARM.Collect$$rtentry$$0000000D)
    __rt_entry_postli_1                      0x0800017d   Thumb Code     0  __rtentry2.o(.ARM.Collect$$rtentry$$0000000C)
    __rt_exit                                0x08000185   Thumb Code     0  rtexit.o(.ARM.Collect$$rtexit$$00000000)
    __rt_exit_ls                             0x08000187   Thumb Code     0  rtexit2.o(.ARM.Collect$$rtexit$$00000003)
    __rt_exit_prels_1                        0x08000187   Thumb Code     0  rtexit2.o(.ARM.Collect$$rtexit$$00000002)
    __rt_exit_exit                           0x0800018b   Thumb Code     0  rtexit2.o(.ARM.Collect$$rtexit$$00000004)
    Reset_Handler                            0x08000191   Thumb Code     8  startup_stm32f103xb.o(.text)
    ADC1_2_IRQHandler                        0x080001ab   Thumb Code     0  startup_stm32f103xb.o(.text)
    CAN1_RX1_IRQHandler                      0x080001ab   Thumb Code     0  startup_stm32f103xb.o(.text)
    CAN1_SCE_IRQHandler                      0x080001ab   Thumb Code     0  startup_stm32f103xb.o(.text)
    DMA1_Channel2_IRQHandler                 0x080001ab   Thumb Code     0  startup_stm32f103xb.o(.text)
    DMA1_Channel3_IRQHandler                 0x080001ab   Thumb Code     0  startup_stm32f103xb.o(.text)
    DMA1_Channel4_IRQHandler                 0x080001ab   Thumb Code     0  startup_stm32f103xb.o(.text)
    DMA1_Channel5_IRQHandler                 0x080001ab   Thumb Code     0  startup_stm32f103xb.o(.text)
    DMA1_Channel6_IRQHandler                 0x080001ab   Thumb Code     0  startup_stm32f103xb.o(.text)
    DMA1_Channel7_IRQHandler                 0x080001ab   Thumb Code     0  startup_stm32f103xb.o(.text)
    EXTI0_IRQHandler                         0x080001ab   Thumb Code     0  startup_stm32f103xb.o(.text)
    EXTI1_IRQHandler                         0x080001ab   Thumb Code     0  startup_stm32f103xb.o(.text)
    EXTI2_IRQHandler                         0x080001ab   Thumb Code     0  startup_stm32f103xb.o(.text)
    EXTI3_IRQHandler                         0x080001ab   Thumb Code     0  startup_stm32f103xb.o(.text)
    FLASH_IRQHandler                         0x080001ab   Thumb Code     0  startup_stm32f103xb.o(.text)
    I2C1_ER_IRQHandler                       0x080001ab   Thumb Code     0  startup_stm32f103xb.o(.text)
    I2C1_EV_IRQHandler                       0x080001ab   Thumb Code     0  startup_stm32f103xb.o(.text)
    I2C2_ER_IRQHandler                       0x080001ab   Thumb Code     0  startup_stm32f103xb.o(.text)
    I2C2_EV_IRQHandler                       0x080001ab   Thumb Code     0  startup_stm32f103xb.o(.text)
    PVD_IRQHandler                           0x080001ab   Thumb Code     0  startup_stm32f103xb.o(.text)
    RCC_IRQHandler                           0x080001ab   Thumb Code     0  startup_stm32f103xb.o(.text)
    RTC_Alarm_IRQHandler                     0x080001ab   Thumb Code     0  startup_stm32f103xb.o(.text)
    RTC_IRQHandler                           0x080001ab   Thumb Code     0  startup_stm32f103xb.o(.text)
    SPI1_IRQHandler                          0x080001ab   Thumb Code     0  startup_stm32f103xb.o(.text)
    SPI2_IRQHandler                          0x080001ab   Thumb Code     0  startup_stm32f103xb.o(.text)
    TAMPER_IRQHandler                        0x080001ab   Thumb Code     0  startup_stm32f103xb.o(.text)
    TIM1_BRK_IRQHandler                      0x080001ab   Thumb Code     0  startup_stm32f103xb.o(.text)
    TIM1_CC_IRQHandler                       0x080001ab   Thumb Code     0  startup_stm32f103xb.o(.text)
    TIM1_TRG_COM_IRQHandler                  0x080001ab   Thumb Code     0  startup_stm32f103xb.o(.text)
    TIM1_UP_IRQHandler                       0x080001ab   Thumb Code     0  startup_stm32f103xb.o(.text)
    TIM3_IRQHandler                          0x080001ab   Thumb Code     0  startup_stm32f103xb.o(.text)
    TIM4_IRQHandler                          0x080001ab   Thumb Code     0  startup_stm32f103xb.o(.text)
    USART1_IRQHandler                        0x080001ab   Thumb Code     0  startup_stm32f103xb.o(.text)
    USART2_IRQHandler                        0x080001ab   Thumb Code     0  startup_stm32f103xb.o(.text)
    USBWakeUp_IRQHandler                     0x080001ab   Thumb Code     0  startup_stm32f103xb.o(.text)
    USB_HP_CAN1_TX_IRQHandler                0x080001ab   Thumb Code     0  startup_stm32f103xb.o(.text)
    USB_LP_CAN1_RX0_IRQHandler               0x080001ab   Thumb Code     0  startup_stm32f103xb.o(.text)
    WWDG_IRQHandler                          0x080001ab   Thumb Code     0  startup_stm32f103xb.o(.text)
    __user_initial_stackheap                 0x080001ad   Thumb Code     0  startup_stm32f103xb.o(.text)
    __2sprintf                               0x080001d1   Thumb Code    34  noretval__2sprintf.o(.text)
    __printf                                 0x080001f9   Thumb Code   104  __printf.o(.text)
    _printf_int_dec                          0x08000261   Thumb Code   104  _printf_dec.o(.text)
    strlen                                   0x080002d9   Thumb Code    62  strlen.o(.text)
    __aeabi_memclr4                          0x08000317   Thumb Code     0  rt_memclr_w.o(.text)
    __aeabi_memclr8                          0x08000317   Thumb Code     0  rt_memclr_w.o(.text)
    __rt_memclr_w                            0x08000317   Thumb Code    78  rt_memclr_w.o(.text)
    _memset_w                                0x0800031b   Thumb Code     0  rt_memclr_w.o(.text)
    __use_two_region_memory                  0x08000365   Thumb Code     2  heapauxi.o(.text)
    __rt_heap_escrow$2region                 0x08000367   Thumb Code     2  heapauxi.o(.text)
    __rt_heap_expand$2region                 0x08000369   Thumb Code     2  heapauxi.o(.text)
    _printf_int_common                       0x0800036b   Thumb Code   178  _printf_intcommon.o(.text)
    _printf_char_common                      0x08000427   Thumb Code    32  _printf_char_common.o(.text)
    _sputc                                   0x0800044d   Thumb Code    10  _sputc.o(.text)
    __user_setup_stackheap                   0x08000457   Thumb Code    74  sys_stackheap_outer.o(.text)
    exit                                     0x080004a1   Thumb Code    18  exit.o(.text)
    __user_libspace                          0x080004b5   Thumb Code     8  libspace.o(.text)
    __user_perproc_libspace                  0x080004b5   Thumb Code     0  libspace.o(.text)
    __user_perthread_libspace                0x080004b5   Thumb Code     0  libspace.o(.text)
    _sys_exit                                0x080004bd   Thumb Code     8  sys_exit.o(.text)
    __I$use$semihosting                      0x080004c9   Thumb Code     0  use_no_semi.o(.text)
    __use_no_semihosting_swi                 0x080004c9   Thumb Code     2  use_no_semi.o(.text)
    __semihosting_library_function           0x080004cb   Thumb Code     0  indicate_semi.o(.text)
    ADC_ConversionStop_Disable               0x080004cd   Thumb Code    86  stm32f1xx_hal_adc.o(i.ADC_ConversionStop_Disable)
    BusFault_Handler                         0x08000523   Thumb Code     2  stm32f1xx_it.o(i.BusFault_Handler)
    DMA1_Channel1_IRQHandler                 0x08000525   Thumb Code     6  stm32f1xx_it.o(i.DMA1_Channel1_IRQHandler)
    DebugMon_Handler                         0x08000531   Thumb Code     2  stm32f1xx_it.o(i.DebugMon_Handler)
    EXTI15_10_IRQHandler                     0x08000533   Thumb Code     8  stm32f1xx_it.o(i.EXTI15_10_IRQHandler)
    EXTI4_IRQHandler                         0x0800053b   Thumb Code     6  stm32f1xx_it.o(i.EXTI4_IRQHandler)
    EXTI9_5_IRQHandler                       0x08000541   Thumb Code     8  stm32f1xx_it.o(i.EXTI9_5_IRQHandler)
    Error_Handler                            0x08000549   Thumb Code     4  main.o(i.Error_Handler)
    HAL_ADC_ConfigChannel                    0x0800054d   Thumb Code   240  stm32f1xx_hal_adc.o(i.HAL_ADC_ConfigChannel)
    HAL_ADC_Init                             0x08000649   Thumb Code   272  stm32f1xx_hal_adc.o(i.HAL_ADC_Init)
    HAL_ADC_MspInit                          0x08000765   Thumb Code   122  stm32f1xx_hal_msp.o(i.HAL_ADC_MspInit)
    HAL_DMA_Abort                            0x080007f5   Thumb Code    70  stm32f1xx_hal_dma.o(i.HAL_DMA_Abort)
    HAL_DMA_Abort_IT                         0x0800083d   Thumb Code   148  stm32f1xx_hal_dma.o(i.HAL_DMA_Abort_IT)
    HAL_DMA_IRQHandler                       0x080008d5   Thumb Code   316  stm32f1xx_hal_dma.o(i.HAL_DMA_IRQHandler)
    HAL_DMA_Init                             0x08000a29   Thumb Code    84  stm32f1xx_hal_dma.o(i.HAL_DMA_Init)
    HAL_Delay                                0x08000a85   Thumb Code    32  stm32f1xx_hal.o(i.HAL_Delay)
    HAL_GPIO_EXTI_Callback                   0x08000aa9   Thumb Code    84  main.o(i.HAL_GPIO_EXTI_Callback)
    HAL_GPIO_EXTI_IRQHandler                 0x08000b09   Thumb Code    18  stm32f1xx_hal_gpio.o(i.HAL_GPIO_EXTI_IRQHandler)
    HAL_GPIO_Init                            0x08000b21   Thumb Code   446  stm32f1xx_hal_gpio.o(i.HAL_GPIO_Init)
    HAL_GPIO_ReadPin                         0x08000d01   Thumb Code    10  stm32f1xx_hal_gpio.o(i.HAL_GPIO_ReadPin)
    HAL_GPIO_TogglePin                       0x08000d0b   Thumb Code    16  stm32f1xx_hal_gpio.o(i.HAL_GPIO_TogglePin)
    HAL_GPIO_WritePin                        0x08000d1b   Thumb Code    10  stm32f1xx_hal_gpio.o(i.HAL_GPIO_WritePin)
    HAL_GetTick                              0x08000d25   Thumb Code     6  stm32f1xx_hal.o(i.HAL_GetTick)
    HAL_I2C_Init                             0x08000d31   Thumb Code   376  stm32f1xx_hal_i2c.o(i.HAL_I2C_Init)
    HAL_I2C_Master_Transmit                  0x08000eb9   Thumb Code   290  stm32f1xx_hal_i2c.o(i.HAL_I2C_Master_Transmit)
    HAL_I2C_MspInit                          0x08000fe5   Thumb Code    80  stm32f1xx_hal_msp.o(i.HAL_I2C_MspInit)
    HAL_IncTick                              0x08001041   Thumb Code    12  stm32f1xx_hal.o(i.HAL_IncTick)
    HAL_Init                                 0x08001051   Thumb Code    32  stm32f1xx_hal.o(i.HAL_Init)
    HAL_InitTick                             0x08001075   Thumb Code    54  stm32f1xx_hal.o(i.HAL_InitTick)
    HAL_MspInit                              0x080010b5   Thumb Code    52  stm32f1xx_hal_msp.o(i.HAL_MspInit)
    HAL_NVIC_EnableIRQ                       0x080010f1   Thumb Code    26  stm32f1xx_hal_cortex.o(i.HAL_NVIC_EnableIRQ)
    HAL_NVIC_SetPriority                     0x0800110d   Thumb Code    60  stm32f1xx_hal_cortex.o(i.HAL_NVIC_SetPriority)
    HAL_NVIC_SetPriorityGrouping             0x0800114d   Thumb Code    26  stm32f1xx_hal_cortex.o(i.HAL_NVIC_SetPriorityGrouping)
    HAL_RCCEx_PeriphCLKConfig                0x08001171   Thumb Code   224  stm32f1xx_hal_rcc_ex.o(i.HAL_RCCEx_PeriphCLKConfig)
    HAL_RCC_ClockConfig                      0x0800125d   Thumb Code   280  stm32f1xx_hal_rcc.o(i.HAL_RCC_ClockConfig)
    HAL_RCC_GetPCLK1Freq                     0x08001389   Thumb Code    20  stm32f1xx_hal_rcc.o(i.HAL_RCC_GetPCLK1Freq)
    HAL_RCC_GetPCLK2Freq                     0x080013a9   Thumb Code    20  stm32f1xx_hal_rcc.o(i.HAL_RCC_GetPCLK2Freq)
    HAL_RCC_GetSysClockFreq                  0x080013c9   Thumb Code    58  stm32f1xx_hal_rcc.o(i.HAL_RCC_GetSysClockFreq)
    HAL_RCC_OscConfig                        0x08001415   Thumb Code   778  stm32f1xx_hal_rcc.o(i.HAL_RCC_OscConfig)
    HAL_SYSTICK_Config                       0x08001735   Thumb Code    40  stm32f1xx_hal_cortex.o(i.HAL_SYSTICK_Config)
    HAL_TIMEx_BreakCallback                  0x0800175d   Thumb Code     2  stm32f1xx_hal_tim_ex.o(i.HAL_TIMEx_BreakCallback)
    HAL_TIMEx_CommutCallback                 0x0800175f   Thumb Code     2  stm32f1xx_hal_tim_ex.o(i.HAL_TIMEx_CommutCallback)
    HAL_TIMEx_MasterConfigSynchronization    0x08001761   Thumb Code    92  stm32f1xx_hal_tim_ex.o(i.HAL_TIMEx_MasterConfigSynchronization)
    HAL_TIM_Base_Init                        0x080017c9   Thumb Code    90  stm32f1xx_hal_tim.o(i.HAL_TIM_Base_Init)
    HAL_TIM_Base_MspInit                     0x08001825   Thumb Code    50  stm32f1xx_hal_msp.o(i.HAL_TIM_Base_MspInit)
    HAL_TIM_Base_Start_IT                    0x0800185d   Thumb Code    76  stm32f1xx_hal_tim.o(i.HAL_TIM_Base_Start_IT)
    HAL_TIM_ConfigClockSource                0x080018b5   Thumb Code   220  stm32f1xx_hal_tim.o(i.HAL_TIM_ConfigClockSource)
    HAL_TIM_IC_CaptureCallback               0x08001991   Thumb Code     2  stm32f1xx_hal_tim.o(i.HAL_TIM_IC_CaptureCallback)
    HAL_TIM_IRQHandler                       0x08001993   Thumb Code   304  stm32f1xx_hal_tim.o(i.HAL_TIM_IRQHandler)
    HAL_TIM_MspPostInit                      0x08001ac5   Thumb Code    64  stm32f1xx_hal_msp.o(i.HAL_TIM_MspPostInit)
    HAL_TIM_OC_DelayElapsedCallback          0x08001b11   Thumb Code     2  stm32f1xx_hal_tim.o(i.HAL_TIM_OC_DelayElapsedCallback)
    HAL_TIM_PWM_ConfigChannel                0x08001b13   Thumb Code   204  stm32f1xx_hal_tim.o(i.HAL_TIM_PWM_ConfigChannel)
    HAL_TIM_PWM_Init                         0x08001bdf   Thumb Code    90  stm32f1xx_hal_tim.o(i.HAL_TIM_PWM_Init)
    HAL_TIM_PWM_MspInit                      0x08001c39   Thumb Code    30  stm32f1xx_hal_msp.o(i.HAL_TIM_PWM_MspInit)
    HAL_TIM_PWM_PulseFinishedCallback        0x08001c61   Thumb Code     2  stm32f1xx_hal_tim.o(i.HAL_TIM_PWM_PulseFinishedCallback)
    HAL_TIM_PWM_Start                        0x08001c65   Thumb Code   144  stm32f1xx_hal_tim.o(i.HAL_TIM_PWM_Start)
    HAL_TIM_PeriodElapsedCallback            0x08001d01   Thumb Code   652  main.o(i.HAL_TIM_PeriodElapsedCallback)
    HAL_TIM_TriggerCallback                  0x08001fb5   Thumb Code     2  stm32f1xx_hal_tim.o(i.HAL_TIM_TriggerCallback)
    HAL_UARTEx_RxEventCallback               0x08001fb7   Thumb Code     2  stm32f1xx_hal_uart.o(i.HAL_UARTEx_RxEventCallback)
    HAL_UART_ErrorCallback                   0x08001fb9   Thumb Code     2  stm32f1xx_hal_uart.o(i.HAL_UART_ErrorCallback)
    HAL_UART_IRQHandler                      0x08001fbd   Thumb Code   616  stm32f1xx_hal_uart.o(i.HAL_UART_IRQHandler)
    HAL_UART_Init                            0x08002229   Thumb Code   100  stm32f1xx_hal_uart.o(i.HAL_UART_Init)
    HAL_UART_MspInit                         0x0800228d   Thumb Code   116  stm32f1xx_hal_msp.o(i.HAL_UART_MspInit)
    HAL_UART_RxCpltCallback                  0x0800230d   Thumb Code     2  stm32f1xx_hal_uart.o(i.HAL_UART_RxCpltCallback)
    HAL_UART_Transmit                        0x0800230f   Thumb Code   160  stm32f1xx_hal_uart.o(i.HAL_UART_Transmit)
    HAL_UART_TxCpltCallback                  0x080023af   Thumb Code     2  stm32f1xx_hal_uart.o(i.HAL_UART_TxCpltCallback)
    HardFault_Handler                        0x080023b1   Thumb Code     2  stm32f1xx_it.o(i.HardFault_Handler)
    MemManage_Handler                        0x080028d1   Thumb Code     2  stm32f1xx_it.o(i.MemManage_Handler)
    NMI_Handler                              0x080028d3   Thumb Code     2  stm32f1xx_it.o(i.NMI_Handler)
    PWMMOTOR                                 0x080028d5   Thumb Code   206  main.o(i.PWMMOTOR)
    PendSV_Handler                           0x080029b1   Thumb Code     2  stm32f1xx_it.o(i.PendSV_Handler)
    SVC_Handler                              0x080029b3   Thumb Code     2  stm32f1xx_it.o(i.SVC_Handler)
    SysTick_Handler                          0x080029b5   Thumb Code     4  stm32f1xx_it.o(i.SysTick_Handler)
    SystemClock_Config                       0x080029b9   Thumb Code   120  main.o(i.SystemClock_Config)
    SystemInit                               0x08002a31   Thumb Code     2  system_stm32f1xx.o(i.SystemInit)
    TIM2_IRQHandler                          0x08002a35   Thumb Code     6  stm32f1xx_it.o(i.TIM2_IRQHandler)
    TIM_Base_SetConfig                       0x08002a41   Thumb Code   108  stm32f1xx_hal_tim.o(i.TIM_Base_SetConfig)
    TIM_CCxChannelCmd                        0x08002ab9   Thumb Code    26  stm32f1xx_hal_tim.o(i.TIM_CCxChannelCmd)
    TIM_ETR_SetConfig                        0x08002ad3   Thumb Code    20  stm32f1xx_hal_tim.o(i.TIM_ETR_SetConfig)
    TIM_OC2_SetConfig                        0x08002b49   Thumb Code    84  stm32f1xx_hal_tim.o(i.TIM_OC2_SetConfig)
    USART3_IRQHandler                        0x08002ed1   Thumb Code     6  stm32f1xx_it.o(i.USART3_IRQHandler)
    UsageFault_Handler                       0x08002edd   Thumb Code     2  stm32f1xx_it.o(i.UsageFault_Handler)
    cal                                      0x08002f01   Thumb Code   124  main.o(i.cal)
    lcd                                      0x08002f81   Thumb Code   100  main.o(i.lcd)
    lcd_clear                                0x08003005   Thumb Code    24  i2c-lcd.o(i.lcd_clear)
    lcd_init                                 0x0800301d   Thumb Code   120  i2c-lcd.o(i.lcd_init)
    lcd_put_cur                              0x08003095   Thumb Code    24  i2c-lcd.o(i.lcd_put_cur)
    lcd_send_cmd                             0x080030ad   Thumb Code    58  i2c-lcd.o(i.lcd_send_cmd)
    lcd_send_data                            0x080030ed   Thumb Code    58  i2c-lcd.o(i.lcd_send_data)
    lcd_send_number                          0x0800312d   Thumb Code    20  i2c-lcd.o(i.lcd_send_number)
    lcd_send_string                          0x08003145   Thumb Code    20  i2c-lcd.o(i.lcd_send_string)
    main                                     0x08003159   Thumb Code   366  main.o(i.main)
    __aeabi_d2f                              0x0800330d   Thumb Code     0  d2f.o(x$fpl$d2f)
    _d2f                                     0x0800330d   Thumb Code    98  d2f.o(x$fpl$d2f)
    __aeabi_dadd                             0x08003371   Thumb Code     0  daddsub_clz.o(x$fpl$dadd)
    _dadd                                    0x08003371   Thumb Code   332  daddsub_clz.o(x$fpl$dadd)
    __fpl_dcheck_NaN1                        0x080034c1   Thumb Code    10  dcheck1.o(x$fpl$dcheck1)
    __aeabi_ddiv                             0x080034d1   Thumb Code     0  ddiv.o(x$fpl$ddiv)
    _ddiv                                    0x080034d1   Thumb Code   552  ddiv.o(x$fpl$ddiv)
    __aeabi_dmul                             0x08003781   Thumb Code     0  dmul.o(x$fpl$dmul)
    _dmul                                    0x08003781   Thumb Code   332  dmul.o(x$fpl$dmul)
    __fpl_dnaninf                            0x080038d5   Thumb Code   156  dnaninf.o(x$fpl$dnaninf)
    __fpl_dretinf                            0x08003971   Thumb Code    12  dretinf.o(x$fpl$dretinf)
    __aeabi_dsub                             0x0800397d   Thumb Code     0  daddsub_clz.o(x$fpl$dsub)
    _dsub                                    0x0800397d   Thumb Code   464  daddsub_clz.o(x$fpl$dsub)
    __aeabi_f2d                              0x08003b51   Thumb Code     0  f2d.o(x$fpl$f2d)
    _f2d                                     0x08003b51   Thumb Code    86  f2d.o(x$fpl$f2d)
    __aeabi_fadd                             0x08003ba9   Thumb Code     0  faddsub_clz.o(x$fpl$fadd)
    _fadd                                    0x08003ba9   Thumb Code   196  faddsub_clz.o(x$fpl$fadd)
    __fpl_fcheck_NaN1                        0x08003c6d   Thumb Code     6  fcheck1.o(x$fpl$fcheck1)
    __fpl_fcmp_Inf                           0x08003c79   Thumb Code    24  fcmpi.o(x$fpl$fcmpinf)
    __aeabi_fdiv                             0x08003c91   Thumb Code     0  fdiv.o(x$fpl$fdiv)
    _fdiv                                    0x08003c91   Thumb Code   384  fdiv.o(x$fpl$fdiv)
    __aeabi_f2iz                             0x08003e15   Thumb Code     0  ffix.o(x$fpl$ffix)
    _ffix                                    0x08003e15   Thumb Code    54  ffix.o(x$fpl$ffix)
    __aeabi_i2f                              0x08003e4d   Thumb Code     0  fflt_clz.o(x$fpl$fflt)
    _fflt                                    0x08003e4d   Thumb Code    48  fflt_clz.o(x$fpl$fflt)
    __aeabi_cfcmple                          0x08003e7d   Thumb Code     0  fleqf.o(x$fpl$fleqf)
    _fcmple                                  0x08003e7d   Thumb Code   104  fleqf.o(x$fpl$fleqf)
    __fpl_fcmple_InfNaN                      0x08003ecf   Thumb Code     0  fleqf.o(x$fpl$fleqf)
    __aeabi_fmul                             0x08003ee5   Thumb Code     0  fmul.o(x$fpl$fmul)
    _fmul                                    0x08003ee5   Thumb Code   258  fmul.o(x$fpl$fmul)
    __fpl_fnaninf                            0x08003fe7   Thumb Code   140  fnaninf.o(x$fpl$fnaninf)
    __fpl_fretinf                            0x08004073   Thumb Code    10  fretinf.o(x$fpl$fretinf)
    __aeabi_cfrcmple                         0x0800407d   Thumb Code     0  frleqf.o(x$fpl$frleqf)
    _frcmple                                 0x0800407d   Thumb Code    98  frleqf.o(x$fpl$frleqf)
    __aeabi_frsub                            0x080040df   Thumb Code     0  faddsub_clz.o(x$fpl$frsb)
    _frsb                                    0x080040df   Thumb Code    20  faddsub_clz.o(x$fpl$frsb)
    __aeabi_fsub                             0x080040f5   Thumb Code     0  faddsub_clz.o(x$fpl$fsub)
    _fsub                                    0x080040f5   Thumb Code   234  faddsub_clz.o(x$fpl$fsub)
    __fpl_return_NaN                         0x080041df   Thumb Code   100  retnan.o(x$fpl$retnan)
    __ARM_scalbn                             0x08004243   Thumb Code    92  scalbn.o(x$fpl$scalbn)
    __ARM_scalbnf                            0x0800429f   Thumb Code    76  scalbnf.o(x$fpl$scalbnf)
    __fpl_cmpreturn                          0x080042eb   Thumb Code    48  trapv.o(x$fpl$trapveneer)
    __I$use$fp                               0x0800431a   Number         0  usenofp.o(x$fpl$usenofp)
    AHBPrescTable                            0x08004338   Data          16  system_stm32f1xx.o(.constdata)
    APBPrescTable                            0x08004348   Data           8  system_stm32f1xx.o(.constdata)
    Region$$Table$$Base                      0x08004350   Number         0  anon$$obj.o(Region$$Table)
    Region$$Table$$Limit                     0x08004370   Number         0  anon$$obj.o(Region$$Table)
    eR                                       0x20000000   Data           2  main.o(.data)
    enR                                      0x20000002   Data           2  main.o(.data)
    eL                                       0x20000004   Data           2  main.o(.data)
    enL                                      0x20000006   Data           2  main.o(.data)
    DIRR                                     0x20000008   Data           4  main.o(.data)
    DIRL                                     0x2000000c   Data           4  main.o(.data)
    btnStart                                 0x20000010   Data           4  main.o(.data)
    valueStart                               0x20000014   Data           4  main.o(.data)
    cnt                                      0x20000018   Data           4  main.o(.data)
    kd1                                      0x2000001c   Data           4  main.o(.data)
    kp1                                      0x20000020   Data           4  main.o(.data)
    kd2                                      0x20000024   Data           4  main.o(.data)
    kp2                                      0x20000028   Data           4  main.o(.data)
    theta0                                   0x2000002c   Data           4  main.o(.data)
    theta1                                   0x20000030   Data           4  main.o(.data)
    theta2                                   0x20000034   Data           4  main.o(.data)
    theta3                                   0x20000038   Data           4  main.o(.data)
    W1                                       0x2000003c   Data           4  main.o(.data)
    e1                                       0x20000040   Data           4  main.o(.data)
    t                                        0x20000044   Data           4  main.o(.data)
    a                                        0x20000048   Data           4  main.o(.data)
    smax                                     0x2000004c   Data           4  main.o(.data)
    vmax                                     0x20000050   Data           4  main.o(.data)
    tf                                       0x20000054   Data           4  main.o(.data)
    t1                                       0x20000058   Data           4  main.o(.data)
    t2                                       0x2000005c   Data           4  main.o(.data)
    x                                        0x20000060   Data           4  main.o(.data)
    output1                                  0x20000064   Data           4  main.o(.data)
    output2                                  0x20000068   Data           4  main.o(.data)
    start                                    0x2000006c   Data           4  main.o(.data)
    j                                        0x20000070   Data           4  main.o(.data)
    k                                        0x20000074   Data           4  main.o(.data)
    valuePWM_L                               0x20000078   Data           4  main.o(.data)
    valuePWM_R                               0x2000007c   Data           4  main.o(.data)
    uwTickFreq                               0x20000080   Data           1  stm32f1xx_hal.o(.data)
    uwTickPrio                               0x20000084   Data           4  stm32f1xx_hal.o(.data)
    uwTick                                   0x20000088   Data           4  stm32f1xx_hal.o(.data)
    SystemCoreClock                          0x2000008c   Data           4  system_stm32f1xx.o(.data)
    hadc1                                    0x20000090   Data          48  main.o(.bss)
    hi2c1                                    0x200000c0   Data          84  main.o(.bss)
    htim2                                    0x20000114   Data          72  main.o(.bss)
    htim4                                    0x2000015c   Data          72  main.o(.bss)
    huart3                                   0x200001a4   Data          72  main.o(.bss)
    buffer                                   0x200001ec   Data        2800  main.o(.bss)
    hdma_adc1                                0x20000cdc   Data          68  main.o(.bss)
    __libspace_start                         0x20000d20   Data          96  libspace.o(.bss)
    __temporary_stack_top$libspace           0x20000d80   Data           0  libspace.o(.bss)



==============================================================================

Memory Map of the image

  Image Entry point : 0x080000ed

  Load Region LR_IROM1 (Base: 0x08000000, Size: 0x00004400, Max: 0x00010000, ABSOLUTE)

    Execution Region ER_IROM1 (Exec base: 0x08000000, Load base: 0x08000000, Size: 0x00004370, Max: 0x00010000, ABSOLUTE)

    Exec Addr    Load Addr    Size         Type   Attr      Idx    E Section Name        Object

    0x08000000   0x08000000   0x000000ec   Data   RO            3    RESET               startup_stm32f103xb.o
    0x080000ec   0x080000ec   0x00000008   Code   RO         3652  * !!!main             c_w.l(__main.o)
    0x080000f4   0x080000f4   0x00000034   Code   RO         3883    !!!scatter          c_w.l(__scatter.o)
    0x08000128   0x08000128   0x0000001a   Code   RO         3885    !!handler_copy      c_w.l(__scatter_copy.o)
    0x08000142   0x08000142   0x00000002   PAD
    0x08000144   0x08000144   0x0000001c   Code   RO         3887    !!handler_zi        c_w.l(__scatter_zi.o)
    0x08000160   0x08000160   0x00000000   Code   RO         3645    .ARM.Collect$$_printf_percent$$00000000  c_w.l(_printf_percent.o)
    0x08000160   0x08000160   0x00000006   Code   RO         3644    .ARM.Collect$$_printf_percent$$00000009  c_w.l(_printf_d.o)
    0x08000166   0x08000166   0x00000004   Code   RO         3707    .ARM.Collect$$_printf_percent$$00000017  c_w.l(_printf_percent_end.o)
    0x0800016a   0x0800016a   0x00000002   Code   RO         3751    .ARM.Collect$$libinit$$00000000  c_w.l(libinit.o)
    0x0800016c   0x0800016c   0x00000000   Code   RO         3760    .ARM.Collect$$libinit$$00000002  c_w.l(libinit2.o)
    0x0800016c   0x0800016c   0x00000000   Code   RO         3762    .ARM.Collect$$libinit$$00000004  c_w.l(libinit2.o)
    0x0800016c   0x0800016c   0x00000000   Code   RO         3765    .ARM.Collect$$libinit$$0000000A  c_w.l(libinit2.o)
    0x0800016c   0x0800016c   0x00000000   Code   RO         3767    .ARM.Collect$$libinit$$0000000C  c_w.l(libinit2.o)
    0x0800016c   0x0800016c   0x00000000   Code   RO         3769    .ARM.Collect$$libinit$$0000000E  c_w.l(libinit2.o)
    0x0800016c   0x0800016c   0x00000000   Code   RO         3772    .ARM.Collect$$libinit$$00000011  c_w.l(libinit2.o)
    0x0800016c   0x0800016c   0x00000000   Code   RO         3774    .ARM.Collect$$libinit$$00000013  c_w.l(libinit2.o)
    0x0800016c   0x0800016c   0x00000000   Code   RO         3776    .ARM.Collect$$libinit$$00000015  c_w.l(libinit2.o)
    0x0800016c   0x0800016c   0x00000000   Code   RO         3778    .ARM.Collect$$libinit$$00000017  c_w.l(libinit2.o)
    0x0800016c   0x0800016c   0x00000000   Code   RO         3780    .ARM.Collect$$libinit$$00000019  c_w.l(libinit2.o)
    0x0800016c   0x0800016c   0x00000000   Code   RO         3782    .ARM.Collect$$libinit$$0000001B  c_w.l(libinit2.o)
    0x0800016c   0x0800016c   0x00000000   Code   RO         3784    .ARM.Collect$$libinit$$0000001D  c_w.l(libinit2.o)
    0x0800016c   0x0800016c   0x00000000   Code   RO         3786    .ARM.Collect$$libinit$$0000001F  c_w.l(libinit2.o)
    0x0800016c   0x0800016c   0x00000000   Code   RO         3788    .ARM.Collect$$libinit$$00000021  c_w.l(libinit2.o)
    0x0800016c   0x0800016c   0x00000000   Code   RO         3790    .ARM.Collect$$libinit$$00000023  c_w.l(libinit2.o)
    0x0800016c   0x0800016c   0x00000000   Code   RO         3792    .ARM.Collect$$libinit$$00000025  c_w.l(libinit2.o)
    0x0800016c   0x0800016c   0x00000000   Code   RO         3796    .ARM.Collect$$libinit$$0000002C  c_w.l(libinit2.o)
    0x0800016c   0x0800016c   0x00000000   Code   RO         3798    .ARM.Collect$$libinit$$0000002E  c_w.l(libinit2.o)
    0x0800016c   0x0800016c   0x00000000   Code   RO         3800    .ARM.Collect$$libinit$$00000030  c_w.l(libinit2.o)
    0x0800016c   0x0800016c   0x00000000   Code   RO         3802    .ARM.Collect$$libinit$$00000032  c_w.l(libinit2.o)
    0x0800016c   0x0800016c   0x00000002   Code   RO         3803    .ARM.Collect$$libinit$$00000033  c_w.l(libinit2.o)
    0x0800016e   0x0800016e   0x00000002   Code   RO         3823    .ARM.Collect$$libshutdown$$00000000  c_w.l(libshutdown.o)
    0x08000170   0x08000170   0x00000000   Code   RO         3836    .ARM.Collect$$libshutdown$$00000002  c_w.l(libshutdown2.o)
    0x08000170   0x08000170   0x00000000   Code   RO         3838    .ARM.Collect$$libshutdown$$00000004  c_w.l(libshutdown2.o)
    0x08000170   0x08000170   0x00000000   Code   RO         3841    .ARM.Collect$$libshutdown$$00000007  c_w.l(libshutdown2.o)
    0x08000170   0x08000170   0x00000000   Code   RO         3844    .ARM.Collect$$libshutdown$$0000000A  c_w.l(libshutdown2.o)
    0x08000170   0x08000170   0x00000000   Code   RO         3846    .ARM.Collect$$libshutdown$$0000000C  c_w.l(libshutdown2.o)
    0x08000170   0x08000170   0x00000000   Code   RO         3849    .ARM.Collect$$libshutdown$$0000000F  c_w.l(libshutdown2.o)
    0x08000170   0x08000170   0x00000002   Code   RO         3850    .ARM.Collect$$libshutdown$$00000010  c_w.l(libshutdown2.o)
    0x08000172   0x08000172   0x00000000   Code   RO         3700    .ARM.Collect$$rtentry$$00000000  c_w.l(__rtentry.o)
    0x08000172   0x08000172   0x00000000   Code   RO         3724    .ARM.Collect$$rtentry$$00000002  c_w.l(__rtentry2.o)
    0x08000172   0x08000172   0x00000006   Code   RO         3736    .ARM.Collect$$rtentry$$00000004  c_w.l(__rtentry4.o)
    0x08000178   0x08000178   0x00000000   Code   RO         3726    .ARM.Collect$$rtentry$$00000009  c_w.l(__rtentry2.o)
    0x08000178   0x08000178   0x00000004   Code   RO         3727    .ARM.Collect$$rtentry$$0000000A  c_w.l(__rtentry2.o)
    0x0800017c   0x0800017c   0x00000000   Code   RO         3729    .ARM.Collect$$rtentry$$0000000C  c_w.l(__rtentry2.o)
    0x0800017c   0x0800017c   0x00000008   Code   RO         3730    .ARM.Collect$$rtentry$$0000000D  c_w.l(__rtentry2.o)
    0x08000184   0x08000184   0x00000002   Code   RO         3757    .ARM.Collect$$rtexit$$00000000  c_w.l(rtexit.o)
    0x08000186   0x08000186   0x00000000   Code   RO         3805    .ARM.Collect$$rtexit$$00000002  c_w.l(rtexit2.o)
    0x08000186   0x08000186   0x00000004   Code   RO         3806    .ARM.Collect$$rtexit$$00000003  c_w.l(rtexit2.o)
    0x0800018a   0x0800018a   0x00000006   Code   RO         3807    .ARM.Collect$$rtexit$$00000004  c_w.l(rtexit2.o)
    0x08000190   0x08000190   0x00000040   Code   RO            4    .text               startup_stm32f103xb.o
    0x080001d0   0x080001d0   0x00000028   Code   RO         3618    .text               c_w.l(noretval__2sprintf.o)
    0x080001f8   0x080001f8   0x00000068   Code   RO         3620    .text               c_w.l(__printf.o)
    0x08000260   0x08000260   0x00000078   Code   RO         3622    .text               c_w.l(_printf_dec.o)
    0x080002d8   0x080002d8   0x0000003e   Code   RO         3646    .text               c_w.l(strlen.o)
    0x08000316   0x08000316   0x0000004e   Code   RO         3648    .text               c_w.l(rt_memclr_w.o)
    0x08000364   0x08000364   0x00000006   Code   RO         3650    .text               c_w.l(heapauxi.o)
    0x0800036a   0x0800036a   0x000000b2   Code   RO         3701    .text               c_w.l(_printf_intcommon.o)
    0x0800041c   0x0800041c   0x00000030   Code   RO         3703    .text               c_w.l(_printf_char_common.o)
    0x0800044c   0x0800044c   0x0000000a   Code   RO         3705    .text               c_w.l(_sputc.o)
    0x08000456   0x08000456   0x0000004a   Code   RO         3742    .text               c_w.l(sys_stackheap_outer.o)
    0x080004a0   0x080004a0   0x00000012   Code   RO         3744    .text               c_w.l(exit.o)
    0x080004b2   0x080004b2   0x00000002   PAD
    0x080004b4   0x080004b4   0x00000008   Code   RO         3754    .text               c_w.l(libspace.o)
    0x080004bc   0x080004bc   0x0000000c   Code   RO         3815    .text               c_w.l(sys_exit.o)
    0x080004c8   0x080004c8   0x00000002   Code   RO         3826    .text               c_w.l(use_no_semi.o)
    0x080004ca   0x080004ca   0x00000000   Code   RO         3828    .text               c_w.l(indicate_semi.o)
    0x080004ca   0x080004ca   0x00000002   PAD
    0x080004cc   0x080004cc   0x00000056   Code   RO          551    i.ADC_ConversionStop_Disable  stm32f1xx_hal_adc.o
    0x08000522   0x08000522   0x00000002   Code   RO          312    i.BusFault_Handler  stm32f1xx_it.o
    0x08000524   0x08000524   0x0000000c   Code   RO          313    i.DMA1_Channel1_IRQHandler  stm32f1xx_it.o
    0x08000530   0x08000530   0x00000002   Code   RO          314    i.DebugMon_Handler  stm32f1xx_it.o
    0x08000532   0x08000532   0x00000008   Code   RO          315    i.EXTI15_10_IRQHandler  stm32f1xx_it.o
    0x0800053a   0x0800053a   0x00000006   Code   RO          316    i.EXTI4_IRQHandler  stm32f1xx_it.o
    0x08000540   0x08000540   0x00000008   Code   RO          317    i.EXTI9_5_IRQHandler  stm32f1xx_it.o
    0x08000548   0x08000548   0x00000004   Code   RO          178    i.Error_Handler     main.o
    0x0800054c   0x0800054c   0x000000fc   Code   RO          557    i.HAL_ADC_ConfigChannel  stm32f1xx_hal_adc.o
    0x08000648   0x08000648   0x0000011c   Code   RO          566    i.HAL_ADC_Init      stm32f1xx_hal_adc.o
    0x08000764   0x08000764   0x00000090   Code   RO          425    i.HAL_ADC_MspInit   stm32f1xx_hal_msp.o
    0x080007f4   0x080007f4   0x00000046   Code   RO         1208    i.HAL_DMA_Abort     stm32f1xx_hal_dma.o
    0x0800083a   0x0800083a   0x00000002   PAD
    0x0800083c   0x0800083c   0x00000098   Code   RO         1209    i.HAL_DMA_Abort_IT  stm32f1xx_hal_dma.o
    0x080008d4   0x080008d4   0x00000154   Code   RO         1213    i.HAL_DMA_IRQHandler  stm32f1xx_hal_dma.o
    0x08000a28   0x08000a28   0x0000005c   Code   RO         1214    i.HAL_DMA_Init      stm32f1xx_hal_dma.o
    0x08000a84   0x08000a84   0x00000024   Code   RO          834    i.HAL_Delay         stm32f1xx_hal.o
    0x08000aa8   0x08000aa8   0x00000060   Code   RO          180    i.HAL_GPIO_EXTI_Callback  main.o
    0x08000b08   0x08000b08   0x00000018   Code   RO         1143    i.HAL_GPIO_EXTI_IRQHandler  stm32f1xx_hal_gpio.o
    0x08000b20   0x08000b20   0x000001e0   Code   RO         1144    i.HAL_GPIO_Init     stm32f1xx_hal_gpio.o
    0x08000d00   0x08000d00   0x0000000a   Code   RO         1146    i.HAL_GPIO_ReadPin  stm32f1xx_hal_gpio.o
    0x08000d0a   0x08000d0a   0x00000010   Code   RO         1147    i.HAL_GPIO_TogglePin  stm32f1xx_hal_gpio.o
    0x08000d1a   0x08000d1a   0x0000000a   Code   RO         1148    i.HAL_GPIO_WritePin  stm32f1xx_hal_gpio.o
    0x08000d24   0x08000d24   0x0000000c   Code   RO          838    i.HAL_GetTick       stm32f1xx_hal.o
    0x08000d30   0x08000d30   0x00000188   Code   RO         1815    i.HAL_I2C_Init      stm32f1xx_hal_i2c.o
    0x08000eb8   0x08000eb8   0x0000012c   Code   RO         1828    i.HAL_I2C_Master_Transmit  stm32f1xx_hal_i2c.o
    0x08000fe4   0x08000fe4   0x0000005c   Code   RO          427    i.HAL_I2C_MspInit   stm32f1xx_hal_msp.o
    0x08001040   0x08001040   0x00000010   Code   RO          844    i.HAL_IncTick       stm32f1xx_hal.o
    0x08001050   0x08001050   0x00000024   Code   RO          845    i.HAL_Init          stm32f1xx_hal.o
    0x08001074   0x08001074   0x00000040   Code   RO          846    i.HAL_InitTick      stm32f1xx_hal.o
    0x080010b4   0x080010b4   0x0000003c   Code   RO          428    i.HAL_MspInit       stm32f1xx_hal_msp.o
    0x080010f0   0x080010f0   0x0000001a   Code   RO         1304    i.HAL_NVIC_EnableIRQ  stm32f1xx_hal_cortex.o
    0x0800110a   0x0800110a   0x00000002   PAD
    0x0800110c   0x0800110c   0x00000040   Code   RO         1310    i.HAL_NVIC_SetPriority  stm32f1xx_hal_cortex.o
    0x0800114c   0x0800114c   0x00000024   Code   RO         1311    i.HAL_NVIC_SetPriorityGrouping  stm32f1xx_hal_cortex.o
    0x08001170   0x08001170   0x000000ec   Code   RO         1106    i.HAL_RCCEx_PeriphCLKConfig  stm32f1xx_hal_rcc_ex.o
    0x0800125c   0x0800125c   0x0000012c   Code   RO         1002    i.HAL_RCC_ClockConfig  stm32f1xx_hal_rcc.o
    0x08001388   0x08001388   0x00000020   Code   RO         1009    i.HAL_RCC_GetPCLK1Freq  stm32f1xx_hal_rcc.o
    0x080013a8   0x080013a8   0x00000020   Code   RO         1010    i.HAL_RCC_GetPCLK2Freq  stm32f1xx_hal_rcc.o
    0x080013c8   0x080013c8   0x0000004c   Code   RO         1011    i.HAL_RCC_GetSysClockFreq  stm32f1xx_hal_rcc.o
    0x08001414   0x08001414   0x00000320   Code   RO         1014    i.HAL_RCC_OscConfig  stm32f1xx_hal_rcc.o
    0x08001734   0x08001734   0x00000028   Code   RO         1315    i.HAL_SYSTICK_Config  stm32f1xx_hal_cortex.o
    0x0800175c   0x0800175c   0x00000002   Code   RO         2947    i.HAL_TIMEx_BreakCallback  stm32f1xx_hal_tim_ex.o
    0x0800175e   0x0800175e   0x00000002   Code   RO         2948    i.HAL_TIMEx_CommutCallback  stm32f1xx_hal_tim_ex.o
    0x08001760   0x08001760   0x00000068   Code   RO         2966    i.HAL_TIMEx_MasterConfigSynchronization  stm32f1xx_hal_tim_ex.o
    0x080017c8   0x080017c8   0x0000005a   Code   RO         2243    i.HAL_TIM_Base_Init  stm32f1xx_hal_tim.o
    0x08001822   0x08001822   0x00000002   PAD
    0x08001824   0x08001824   0x00000038   Code   RO          430    i.HAL_TIM_Base_MspInit  stm32f1xx_hal_msp.o
    0x0800185c   0x0800185c   0x00000058   Code   RO         2248    i.HAL_TIM_Base_Start_IT  stm32f1xx_hal_tim.o
    0x080018b4   0x080018b4   0x000000dc   Code   RO         2252    i.HAL_TIM_ConfigClockSource  stm32f1xx_hal_tim.o
    0x08001990   0x08001990   0x00000002   Code   RO         2277    i.HAL_TIM_IC_CaptureCallback  stm32f1xx_hal_tim.o
    0x08001992   0x08001992   0x00000130   Code   RO         2291    i.HAL_TIM_IRQHandler  stm32f1xx_hal_tim.o
    0x08001ac2   0x08001ac2   0x00000002   PAD
    0x08001ac4   0x08001ac4   0x0000004c   Code   RO          431    i.HAL_TIM_MspPostInit  stm32f1xx_hal_msp.o
    0x08001b10   0x08001b10   0x00000002   Code   RO         2294    i.HAL_TIM_OC_DelayElapsedCallback  stm32f1xx_hal_tim.o
    0x08001b12   0x08001b12   0x000000cc   Code   RO         2315    i.HAL_TIM_PWM_ConfigChannel  stm32f1xx_hal_tim.o
    0x08001bde   0x08001bde   0x0000005a   Code   RO         2318    i.HAL_TIM_PWM_Init  stm32f1xx_hal_tim.o
    0x08001c38   0x08001c38   0x00000028   Code   RO          433    i.HAL_TIM_PWM_MspInit  stm32f1xx_hal_msp.o
    0x08001c60   0x08001c60   0x00000002   Code   RO         2321    i.HAL_TIM_PWM_PulseFinishedCallback  stm32f1xx_hal_tim.o
    0x08001c62   0x08001c62   0x00000002   PAD
    0x08001c64   0x08001c64   0x0000009c   Code   RO         2323    i.HAL_TIM_PWM_Start  stm32f1xx_hal_tim.o
    0x08001d00   0x08001d00   0x000002b4   Code   RO          181    i.HAL_TIM_PeriodElapsedCallback  main.o
    0x08001fb4   0x08001fb4   0x00000002   Code   RO         2334    i.HAL_TIM_TriggerCallback  stm32f1xx_hal_tim.o
    0x08001fb6   0x08001fb6   0x00000002   Code   RO         3226    i.HAL_UARTEx_RxEventCallback  stm32f1xx_hal_uart.o
    0x08001fb8   0x08001fb8   0x00000002   Code   RO         3240    i.HAL_UART_ErrorCallback  stm32f1xx_hal_uart.o
    0x08001fba   0x08001fba   0x00000002   PAD
    0x08001fbc   0x08001fbc   0x0000026c   Code   RO         3243    i.HAL_UART_IRQHandler  stm32f1xx_hal_uart.o
    0x08002228   0x08002228   0x00000064   Code   RO         3244    i.HAL_UART_Init     stm32f1xx_hal_uart.o
    0x0800228c   0x0800228c   0x00000080   Code   RO          435    i.HAL_UART_MspInit  stm32f1xx_hal_msp.o
    0x0800230c   0x0800230c   0x00000002   Code   RO         3250    i.HAL_UART_RxCpltCallback  stm32f1xx_hal_uart.o
    0x0800230e   0x0800230e   0x000000a0   Code   RO         3252    i.HAL_UART_Transmit  stm32f1xx_hal_uart.o
    0x080023ae   0x080023ae   0x00000002   Code   RO         3255    i.HAL_UART_TxCpltCallback  stm32f1xx_hal_uart.o
    0x080023b0   0x080023b0   0x00000002   Code   RO          318    i.HardFault_Handler  stm32f1xx_it.o
    0x080023b2   0x080023b2   0x0000002e   Code   RO         1858    i.I2C_IsAcknowledgeFailed  stm32f1xx_hal_i2c.o
    0x080023e0   0x080023e0   0x0000009c   Code   RO         1862    i.I2C_MasterRequestWrite  stm32f1xx_hal_i2c.o
    0x0800247c   0x0800247c   0x00000056   Code   RO         1873    i.I2C_WaitOnBTFFlagUntilTimeout  stm32f1xx_hal_i2c.o
    0x080024d2   0x080024d2   0x00000002   PAD
    0x080024d4   0x080024d4   0x00000090   Code   RO         1874    i.I2C_WaitOnFlagUntilTimeout  stm32f1xx_hal_i2c.o
    0x08002564   0x08002564   0x000000bc   Code   RO         1875    i.I2C_WaitOnMasterAddressFlagUntilTimeout  stm32f1xx_hal_i2c.o
    0x08002620   0x08002620   0x00000056   Code   RO         1877    i.I2C_WaitOnTXEFlagUntilTimeout  stm32f1xx_hal_i2c.o
    0x08002676   0x08002676   0x00000002   PAD
    0x08002678   0x08002678   0x00000050   Code   RO          182    i.MX_ADC1_Init      main.o
    0x080026c8   0x080026c8   0x00000124   Code   RO          183    i.MX_GPIO_Init      main.o
    0x080027ec   0x080027ec   0x00000064   Code   RO          184    i.MX_TIM2_Init      main.o
    0x08002850   0x08002850   0x00000080   Code   RO          185    i.MX_TIM4_Init      main.o
    0x080028d0   0x080028d0   0x00000002   Code   RO          319    i.MemManage_Handler  stm32f1xx_it.o
    0x080028d2   0x080028d2   0x00000002   Code   RO          320    i.NMI_Handler       stm32f1xx_it.o
    0x080028d4   0x080028d4   0x000000dc   Code   RO          186    i.PWMMOTOR          main.o
    0x080029b0   0x080029b0   0x00000002   Code   RO          321    i.PendSV_Handler    stm32f1xx_it.o
    0x080029b2   0x080029b2   0x00000002   Code   RO          322    i.SVC_Handler       stm32f1xx_it.o
    0x080029b4   0x080029b4   0x00000004   Code   RO          323    i.SysTick_Handler   stm32f1xx_it.o
    0x080029b8   0x080029b8   0x00000078   Code   RO          188    i.SystemClock_Config  main.o
    0x08002a30   0x08002a30   0x00000002   Code   RO         3578    i.SystemInit        system_stm32f1xx.o
    0x08002a32   0x08002a32   0x00000002   PAD
    0x08002a34   0x08002a34   0x0000000c   Code   RO          324    i.TIM2_IRQHandler   stm32f1xx_it.o
    0x08002a40   0x08002a40   0x00000078   Code   RO         2336    i.TIM_Base_SetConfig  stm32f1xx_hal_tim.o
    0x08002ab8   0x08002ab8   0x0000001a   Code   RO         2337    i.TIM_CCxChannelCmd  stm32f1xx_hal_tim.o
    0x08002ad2   0x08002ad2   0x00000014   Code   RO         2347    i.TIM_ETR_SetConfig  stm32f1xx_hal_tim.o
    0x08002ae6   0x08002ae6   0x00000010   Code   RO         2348    i.TIM_ITRx_SetConfig  stm32f1xx_hal_tim.o
    0x08002af6   0x08002af6   0x00000002   PAD
    0x08002af8   0x08002af8   0x00000050   Code   RO         2349    i.TIM_OC1_SetConfig  stm32f1xx_hal_tim.o
    0x08002b48   0x08002b48   0x00000058   Code   RO         2350    i.TIM_OC2_SetConfig  stm32f1xx_hal_tim.o
    0x08002ba0   0x08002ba0   0x00000058   Code   RO         2351    i.TIM_OC3_SetConfig  stm32f1xx_hal_tim.o
    0x08002bf8   0x08002bf8   0x00000044   Code   RO         2352    i.TIM_OC4_SetConfig  stm32f1xx_hal_tim.o
    0x08002c3c   0x08002c3c   0x00000022   Code   RO         2354    i.TIM_TI1_ConfigInputStage  stm32f1xx_hal_tim.o
    0x08002c5e   0x08002c5e   0x00000024   Code   RO         2356    i.TIM_TI2_ConfigInputStage  stm32f1xx_hal_tim.o
    0x08002c82   0x08002c82   0x00000010   Code   RO         3257    i.UART_DMAAbortOnError  stm32f1xx_hal_uart.o
    0x08002c92   0x08002c92   0x0000004e   Code   RO         3267    i.UART_EndRxTransfer  stm32f1xx_hal_uart.o
    0x08002ce0   0x08002ce0   0x000000c2   Code   RO         3269    i.UART_Receive_IT   stm32f1xx_hal_uart.o
    0x08002da2   0x08002da2   0x00000002   PAD
    0x08002da4   0x08002da4   0x000000b8   Code   RO         3270    i.UART_SetConfig    stm32f1xx_hal_uart.o
    0x08002e5c   0x08002e5c   0x00000072   Code   RO         3273    i.UART_WaitOnFlagUntilTimeout  stm32f1xx_hal_uart.o
    0x08002ece   0x08002ece   0x00000002   PAD
    0x08002ed0   0x08002ed0   0x0000000c   Code   RO          325    i.USART3_IRQHandler  stm32f1xx_it.o
    0x08002edc   0x08002edc   0x00000002   Code   RO          326    i.UsageFault_Handler  stm32f1xx_it.o
    0x08002ede   0x08002ede   0x00000020   Code   RO         1317    i.__NVIC_SetPriority  stm32f1xx_hal_cortex.o
    0x08002efe   0x08002efe   0x00000002   PAD
    0x08002f00   0x08002f00   0x00000080   Code   RO          189    i.cal               main.o
    0x08002f80   0x08002f80   0x00000084   Code   RO          190    i.lcd               main.o
    0x08003004   0x08003004   0x00000018   Code   RO           13    i.lcd_clear         i2c-lcd.o
    0x0800301c   0x0800301c   0x00000078   Code   RO           14    i.lcd_init          i2c-lcd.o
    0x08003094   0x08003094   0x00000018   Code   RO           15    i.lcd_put_cur       i2c-lcd.o
    0x080030ac   0x080030ac   0x00000040   Code   RO           16    i.lcd_send_cmd      i2c-lcd.o
    0x080030ec   0x080030ec   0x00000040   Code   RO           17    i.lcd_send_data     i2c-lcd.o
    0x0800312c   0x0800312c   0x00000018   Code   RO           18    i.lcd_send_number   i2c-lcd.o
    0x08003144   0x08003144   0x00000014   Code   RO           19    i.lcd_send_string   i2c-lcd.o
    0x08003158   0x08003158   0x000001b4   Code   RO          191    i.main              main.o
    0x0800330c   0x0800330c   0x00000062   Code   RO         3654    x$fpl$d2f           fz_ws.l(d2f.o)
    0x0800336e   0x0800336e   0x00000002   PAD
    0x08003370   0x08003370   0x00000150   Code   RO         3656    x$fpl$dadd          fz_ws.l(daddsub_clz.o)
    0x080034c0   0x080034c0   0x00000010   Code   RO         3708    x$fpl$dcheck1       fz_ws.l(dcheck1.o)
    0x080034d0   0x080034d0   0x000002b0   Code   RO         3663    x$fpl$ddiv          fz_ws.l(ddiv.o)
    0x08003780   0x08003780   0x00000154   Code   RO         3666    x$fpl$dmul          fz_ws.l(dmul.o)
    0x080038d4   0x080038d4   0x0000009c   Code   RO         3710    x$fpl$dnaninf       fz_ws.l(dnaninf.o)
    0x08003970   0x08003970   0x0000000c   Code   RO         3712    x$fpl$dretinf       fz_ws.l(dretinf.o)
    0x0800397c   0x0800397c   0x000001d4   Code   RO         3658    x$fpl$dsub          fz_ws.l(daddsub_clz.o)
    0x08003b50   0x08003b50   0x00000056   Code   RO         3668    x$fpl$f2d           fz_ws.l(f2d.o)
    0x08003ba6   0x08003ba6   0x00000002   PAD
    0x08003ba8   0x08003ba8   0x000000c4   Code   RO         3670    x$fpl$fadd          fz_ws.l(faddsub_clz.o)
    0x08003c6c   0x08003c6c   0x0000000c   Code   RO         3714    x$fpl$fcheck1       fz_ws.l(fcheck1.o)
    0x08003c78   0x08003c78   0x00000018   Code   RO         3716    x$fpl$fcmpinf       fz_ws.l(fcmpi.o)
    0x08003c90   0x08003c90   0x00000184   Code   RO         3677    x$fpl$fdiv          fz_ws.l(fdiv.o)
    0x08003e14   0x08003e14   0x00000036   Code   RO         3680    x$fpl$ffix          fz_ws.l(ffix.o)
    0x08003e4a   0x08003e4a   0x00000002   PAD
    0x08003e4c   0x08003e4c   0x00000030   Code   RO         3685    x$fpl$fflt          fz_ws.l(fflt_clz.o)
    0x08003e7c   0x08003e7c   0x00000068   Code   RO         3690    x$fpl$fleqf         fz_ws.l(fleqf.o)
    0x08003ee4   0x08003ee4   0x00000102   Code   RO         3692    x$fpl$fmul          fz_ws.l(fmul.o)
    0x08003fe6   0x08003fe6   0x0000008c   Code   RO         3718    x$fpl$fnaninf       fz_ws.l(fnaninf.o)
    0x08004072   0x08004072   0x0000000a   Code   RO         3720    x$fpl$fretinf       fz_ws.l(fretinf.o)
    0x0800407c   0x0800407c   0x00000062   Code   RO         3694    x$fpl$frleqf        fz_ws.l(frleqf.o)
    0x080040de   0x080040de   0x00000014   Code   RO         3671    x$fpl$frsb          fz_ws.l(faddsub_clz.o)
    0x080040f2   0x080040f2   0x00000002   PAD
    0x080040f4   0x080040f4   0x000000ea   Code   RO         3672    x$fpl$fsub          fz_ws.l(faddsub_clz.o)
    0x080041de   0x080041de   0x00000064   Code   RO         3740    x$fpl$retnan        fz_ws.l(retnan.o)
    0x08004242   0x08004242   0x0000005c   Code   RO         3696    x$fpl$scalbn        fz_ws.l(scalbn.o)
    0x0800429e   0x0800429e   0x0000004c   Code   RO         3698    x$fpl$scalbnf       fz_ws.l(scalbnf.o)
    0x080042ea   0x080042ea   0x00000030   Code   RO         3752    x$fpl$trapveneer    fz_ws.l(trapv.o)
    0x0800431a   0x0800431a   0x00000000   Code   RO         3722    x$fpl$usenofp       fz_ws.l(usenofp.o)
    0x0800431a   0x0800431a   0x00000002   PAD
    0x0800431c   0x0800431c   0x0000000a   Data   RO          194    .constdata          main.o
    0x08004326   0x08004326   0x00000012   Data   RO         1015    .constdata          stm32f1xx_hal_rcc.o
    0x08004338   0x08004338   0x00000010   Data   RO         3579    .constdata          system_stm32f1xx.o
    0x08004348   0x08004348   0x00000008   Data   RO         3580    .constdata          system_stm32f1xx.o
    0x08004350   0x08004350   0x00000020   Data   RO         3881    Region$$Table       anon$$obj.o


    Execution Region RW_IRAM1 (Exec base: 0x20000000, Load base: 0x08004370, Size: 0x00001380, Max: 0x00005000, ABSOLUTE)

    Exec Addr    Load Addr    Size         Type   Attr      Idx    E Section Name        Object

    0x20000000   0x08004370   0x00000080   Data   RW          195    .data               main.o
    0x20000080   0x080043f0   0x0000000c   Data   RW          852    .data               stm32f1xx_hal.o
    0x2000008c   0x080043fc   0x00000004   Data   RW         3581    .data               system_stm32f1xx.o
    0x20000090        -       0x00000c4c   Zero   RW          192    .bss                main.o
    0x20000cdc        -       0x00000044   Zero   RW          193    .bss                main.o
    0x20000d20        -       0x00000060   Zero   RW         3755    .bss                c_w.l(libspace.o)
    0x20000d80        -       0x00000200   Zero   RW            2    HEAP                startup_stm32f103xb.o
    0x20000f80        -       0x00000400   Zero   RW            1    STACK               startup_stm32f103xb.o


==============================================================================

Image component sizes


      Code (inc. data)   RO Data    RW Data    ZI Data      Debug   Object Name

       340         16          0          0          0     452710   i2c-lcd.o
      2428        216         10        128       3216       9677   main.o
        64         26        236          0       1536        812   startup_stm32f103xb.o
       164         28          0         12          0       5913   stm32f1xx_hal.o
       622         24          0          0          0       3308   stm32f1xx_hal_adc.o
       198         14          0          0          0      28947   stm32f1xx_hal_cortex.o
       654         36          0          0          0       3399   stm32f1xx_hal_dma.o
       540         40          0          0          0       4727   stm32f1xx_hal_gpio.o
      1398         32          0          0          0       9125   stm32f1xx_hal_i2c.o
       596         82          0          0          0       4780   stm32f1xx_hal_msp.o
      1240         84         18          0          0       5124   stm32f1xx_hal_rcc.o
       236         12          0          0          0       1388   stm32f1xx_hal_rcc_ex.o
      1736         56          0          0          0      15664   stm32f1xx_hal_tim.o
       108         12          0          0          0       2409   stm32f1xx_hal_tim_ex.o
      1474         10          0          0          0      10116   stm32f1xx_hal_uart.o
        78         18          0          0          0       6390   stm32f1xx_it.o
         2          0         24          4          0       1099   system_stm32f1xx.o

    ----------------------------------------------------------------------
     11904        706        320        144       4752     565588   Object Totals
         0          0         32          0          0          0   (incl. Generated)
        26          0          0          0          0          0   (incl. Padding)

    ----------------------------------------------------------------------

      Code (inc. data)   RO Data    RW Data    ZI Data      Debug   Library Member Name

         8          0          0          0          0         68   __main.o
       104          0          0          0          0         84   __printf.o
         0          0          0          0          0          0   __rtentry.o
        12          0          0          0          0          0   __rtentry2.o
         6          0          0          0          0          0   __rtentry4.o
        52          8          0          0          0          0   __scatter.o
        26          0          0          0          0          0   __scatter_copy.o
        28          0          0          0          0          0   __scatter_zi.o
        48          6          0          0          0         96   _printf_char_common.o
         6          0          0          0          0          0   _printf_d.o
       120         16          0          0          0         92   _printf_dec.o
       178          0          0          0          0         88   _printf_intcommon.o
         0          0          0          0          0          0   _printf_percent.o
         4          0          0          0          0          0   _printf_percent_end.o
        10          0          0          0          0         68   _sputc.o
        18          0          0          0          0         80   exit.o
         6          0          0          0          0        152   heapauxi.o
         0          0          0          0          0          0   indicate_semi.o
         2          0          0          0          0          0   libinit.o
         2          0          0          0          0          0   libinit2.o
         2          0          0          0          0          0   libshutdown.o
         2          0          0          0          0          0   libshutdown2.o
         8          4          0          0         96         68   libspace.o
        40          6          0          0          0         84   noretval__2sprintf.o
        78          0          0          0          0         80   rt_memclr_w.o
         2          0          0          0          0          0   rtexit.o
        10          0          0          0          0          0   rtexit2.o
        62          0          0          0          0         76   strlen.o
        12          4          0          0          0         68   sys_exit.o
        74          0          0          0          0         80   sys_stackheap_outer.o
         2          0          0          0          0         68   use_no_semi.o
        98          4          0          0          0         92   d2f.o
       804         16          0          0          0        272   daddsub_clz.o
        16          4          0          0          0         68   dcheck1.o
       688        140          0          0          0        208   ddiv.o
       340         12          0          0          0        104   dmul.o
       156          4          0          0          0         92   dnaninf.o
        12          0          0          0          0         68   dretinf.o
        86          4          0          0          0         84   f2d.o
       450          8          0          0          0        236   faddsub_clz.o
        12          4          0          0          0         68   fcheck1.o
        24          0          0          0          0         68   fcmpi.o
       388         76          0          0          0         96   fdiv.o
        54          4          0          0          0         84   ffix.o
        48          0          0          0          0         68   fflt_clz.o
       104          4          0          0          0         84   fleqf.o
       258          4          0          0          0         84   fmul.o
       140          4          0          0          0         84   fnaninf.o
        10          0          0          0          0         68   fretinf.o
        98          0          0          0          0         68   frleqf.o
       100          0          0          0          0         68   retnan.o
        92          0          0          0          0         68   scalbn.o
        76          0          0          0          0         68   scalbnf.o
        48          0          0          0          0         68   trapv.o
         0          0          0          0          0          0   usenofp.o

    ----------------------------------------------------------------------
      5040        332          0          0         96       3520   Library Totals
        16          0          0          0          0          0   (incl. Padding)

    ----------------------------------------------------------------------

      Code (inc. data)   RO Data    RW Data    ZI Data      Debug   Library Name

       922         44          0          0         96       1252   c_w.l
      4102        288          0          0          0       2268   fz_ws.l

    ----------------------------------------------------------------------
      5040        332          0          0         96       3520   Library Totals

    ----------------------------------------------------------------------

==============================================================================


      Code (inc. data)   RO Data    RW Data    ZI Data      Debug   

     16944       1038        320        144       4848     561512   Grand Totals
     16944       1038        320        144       4848     561512   ELF Image Totals
     16944       1038        320        144          0          0   ROM Totals

==============================================================================

    Total RO  Size (Code + RO Data)                17264 (  16.86kB)
    Total RW  Size (RW Data + ZI Data)              4992 (   4.88kB)
    Total ROM Size (Code + RO Data + RW Data)      17408 (  17.00kB)

==============================================================================

