<html>
<body>
<pre>
<h1>µVision Build Log</h1>
<h2>Tool Versions:</h2>
IDE-Version: µVision V5.31.0.0
Copyright (C) 2020 ARM Ltd and ARM Germany GmbH. All rights reserved.
License Information: huy do, hh, LIC=CZLZX-HEB1Z-KPNZY-I8NHY-NV0Y1-VZ1PU
 
Tool Versions:
Toolchain:       MDK-ARM Plus  Version: 5.31.0.0
Toolchain Path:  C:\Keil_v5\ARM\ARMCC\Bin
C Compiler:      Armcc.exe V5.06 update 6 (build 750)
Assembler:       Armasm.exe V5.06 update 6 (build 750)
Linker/Locator:  ArmLink.exe V5.06 update 6 (build 750)
Library Manager: ArmAr.exe V5.06 update 6 (build 750)
Hex Converter:   FromElf.exe V5.06 update 6 (build 750)
CPU DLL:         SARMCM3.DLL V5.31.0.0
Dialog DLL:      DCM.DLL V1.17.3.0
Target DLL:      STLink\ST-LINKIII-KEIL_SWO.dll V3.0.7.0
Dialog DLL:      TCM.DLL V1.46.0.0
 
<h2>Project:</h2>
C:\Users\Admin\Documents\DA2 DANG LAM\11.18.2024 UART\MDK-ARM\24 8 2024 ENCODER.uvprojx
Project File Date:  11/21/2024

<h2>Output:</h2>
*** Using Compiler 'V5.06 update 6 (build 750)', folder: 'C:\Keil_v5\ARM\ARMCC\Bin'
Build target '24 8 2024 ENCODER'
compiling main.c...
../Lib/i2c-lcd/i2c-lcd.h(17): warning:  #1-D: last line of file ends without a newline
  void lcd_send_number(int number);                // ghi chu so
../Src/main.c(84): warning:  #188-D: enumerated type mixed with another type
  		HAL_GPIO_WritePin(IN1_GPIO_Port, IN1_Pin, 0);
../Src/main.c(85): warning:  #188-D: enumerated type mixed with another type
  		HAL_GPIO_WritePin(IN2_GPIO_Port, IN2_Pin, 1);
../Src/main.c(86): warning:  #188-D: enumerated type mixed with another type
  		HAL_GPIO_WritePin(IN3_GPIO_Port, IN3_Pin, 0);
../Src/main.c(87): warning:  #188-D: enumerated type mixed with another type
  		HAL_GPIO_WritePin(IN4_GPIO_Port, IN4_Pin, 1);
../Src/main.c(90): warning:  #188-D: enumerated type mixed with another type
  		HAL_GPIO_WritePin(IN1_GPIO_Port, IN1_Pin, 1);
../Src/main.c(91): warning:  #188-D: enumerated type mixed with another type
  		HAL_GPIO_WritePin(IN2_GPIO_Port, IN2_Pin, 0);
../Src/main.c(92): warning:  #188-D: enumerated type mixed with another type
  		HAL_GPIO_WritePin(IN3_GPIO_Port, IN3_Pin, 1);
../Src/main.c(93): warning:  #188-D: enumerated type mixed with another type
  		HAL_GPIO_WritePin(IN4_GPIO_Port, IN4_Pin, 0);
../Src/main.c(96): warning:  #188-D: enumerated type mixed with another type
  		HAL_GPIO_WritePin(IN1_GPIO_Port, IN1_Pin, 0);
../Src/main.c(97): warning:  #188-D: enumerated type mixed with another type
  		HAL_GPIO_WritePin(IN2_GPIO_Port, IN2_Pin, 0);
../Src/main.c(98): warning:  #188-D: enumerated type mixed with another type
  		HAL_GPIO_WritePin(IN3_GPIO_Port, IN3_Pin, 0);
../Src/main.c(99): warning:  #188-D: enumerated type mixed with another type
  		HAL_GPIO_WritePin(IN4_GPIO_Port, IN4_Pin, 0);
../Src/main.c(105): warning:  #188-D: enumerated type mixed with another type
  		HAL_GPIO_WritePin(IN3_GPIO_Port, IN1_Pin, 1);
../Src/main.c(106): warning:  #188-D: enumerated type mixed with another type
  		HAL_GPIO_WritePin(IN4_GPIO_Port, IN2_Pin, 0);
../Src/main.c(110): warning:  #188-D: enumerated type mixed with another type
  		HAL_GPIO_WritePin(IN3_GPIO_Port, IN3_Pin, 1);
../Src/main.c(111): warning:  #188-D: enumerated type mixed with another type
  		HAL_GPIO_WritePin(IN4_GPIO_Port, IN4_Pin, 0);
../Src/main.c(116): warning:  #188-D: enumerated type mixed with another type
  		HAL_GPIO_WritePin(IN3_GPIO_Port, IN1_Pin, 0);
../Src/main.c(117): warning:  #188-D: enumerated type mixed with another type
  		HAL_GPIO_WritePin(IN4_GPIO_Port, IN2_Pin, 1);
../Src/main.c(121): warning:  #188-D: enumerated type mixed with another type
  		HAL_GPIO_WritePin(IN3_GPIO_Port, IN3_Pin, 0);
../Src/main.c(122): warning:  #188-D: enumerated type mixed with another type
  		HAL_GPIO_WritePin(IN4_GPIO_Port, IN4_Pin, 1);
../Src/main.c(127): warning:  #188-D: enumerated type mixed with another type
  		HAL_GPIO_WritePin(IN1_GPIO_Port, IN3_Pin, 0);
../Src/main.c(128): warning:  #188-D: enumerated type mixed with another type
  		HAL_GPIO_WritePin(IN2_GPIO_Port, IN4_Pin, 0);
../Src/main.c(132): warning:  #188-D: enumerated type mixed with another type
  		HAL_GPIO_WritePin(IN1_GPIO_Port, IN1_Pin, 0);
../Src/main.c(133): warning:  #188-D: enumerated type mixed with another type
  		HAL_GPIO_WritePin(IN2_GPIO_Port, IN2_Pin, 0);
../Src/main.c(416): warning:  #177-D: variable "test"  was declared but never referenced
  	uint8_t test[10] = "\n";
../Src/main.c: 26 warnings, 0 errors
linking...
Program Size: Code=15806 RO-data=310 RW-data=140 ZI-data=4852  
FromELF: creating hex file...
"24 8 2024 ENCODER\24 8 2024 ENCODER.axf" - 0 Error(s), 26 Warning(s).

<h2>Software Packages used:</h2>

Package Vendor: ARM
                http://www.keil.com/pack/ARM.CMSIS.5.7.0.pack
                ARM.CMSIS.5.7.0
                CMSIS (Cortex Microcontroller Software Interface Standard)
   * Component: CORE Version: 5.4.0

Package Vendor: Keil
                https://www.keil.com/pack/Keil.STM32F1xx_DFP.2.4.1.pack
                Keil.STM32F1xx_DFP.2.4.1
                STMicroelectronics STM32F1 Series Device Support, Drivers and Examples

<h2>Collection of Component include folders:</h2>
  .\RTE\_24_8_2024_ENCODER
  C:\Users\Admin\AppData\Local\Arm\Packs\ARM\CMSIS\5.7.0\CMSIS\Core\Include
  C:\Users\Admin\AppData\Local\Arm\Packs\Keil\STM32F1xx_DFP\2.4.1\Device\Include

<h2>Collection of Component Files used:</h2>

   * Component: ARM::CMSIS:CORE:5.4.0
Build Time Elapsed:  00:00:02
</pre>
</body>
</html>
